
 Start  Stop   Length Name               Class

 00000H 080C9H 080CAH _TEXT              CODE
 080CAH 08B56H 00A8DH CHK_TEXT           CODE
 08B58H 08B58H 00000H oldmouse_TEXT      CODE
 08B58H 08D4AH 001F3H MOUSEFN_TEXT       CODE
 08D4BH 0A9CFH 01C85H WINDIO_TEXT        CODE
 0A9D0H 0A9E8H 00019H gma_TEXT           CODE
 0A9EAH 0ADC6H 003DDH scrnrout_TEXT      CODE
 0ADC7H 0B9A7H 00BE1H _TEXTC             CODE
 0B9B0H 0B9B0H 00000H _FARDATA           FAR_DATA
 0B9B0H 0B9B0H 00000H _FARBSS            FAR_BSS
 0B9B0H 0B9B0H 00000H _OVERLAY_          OVRINFO
 0B9B0H 0B9B0H 00000H _1STUB_            STUBSEG
 0B9B0H 0D15FH 017B0H _DATA              DATA
 0D160H 0D161H 00002H _CVTSEG            DATA
 0D162H 0D167H 00006H _SCNSEG            DATA
 0D168H 0D168H 00000H _CONST             CONST
 0D168H 0D191H 0002AH _INIT_             INITDATA
 0D192H 0D192H 00000H _INITEND_          INITDATA
 0D192H 0D197H 00006H _EXIT_             EXITDATA
 0D198H 0D198H 00000H _EXITEND_          EXITDATA
 0D198H 0D3ABH 00214H _BSS               BSS
 0D3ACH 0D3ACH 00000H _BSSEND            BSSEND
 0D3B0H 0D42FH 00080H _STACK             STACK


Detailed map of segments

 0000:0000 02AB C=CODE   S=_TEXT          G=(none)  M=startup.asm ACBP=28
 0000:02AB 003D C=CODE   S=_TEXT          G=(none)  M=_stpcpy.c  ACBP=28
 0000:02E8 0031 C=CODE   S=_TEXT          G=(none)  M=atexit.c   ACBP=28
 0000:0319 0016 C=CODE   S=_TEXT          G=(none)  M=del.cpp    ACBP=28
 0000:032F 0016 C=CODE   S=_TEXT          G=(none)  M=delarray.cpp ACBP=28
 0000:0345 0045 C=CODE   S=_TEXT          G=(none)  M=dosfattr.cas ACBP=28
 0000:038A 00AA C=CODE   S=_TEXT          G=(none)  M=exit.c     ACBP=28
 0000:0434 0000 C=CODE   S=_TEXT          G=(none)  M=files.c    ACBP=28
 0000:0434 0000 C=CODE   S=_TEXT          G=(none)  M=files2.c   ACBP=28
 0000:0434 0000 C=CODE   S=_TEXT          G=(none)  M=fmode.c    ACBP=28
 0000:0434 0017 C=CODE   S=_TEXT          G=(none)  M=f_lxmul.asm ACBP=28
 0000:044B 002E C=CODE   S=_TEXT          G=(none)  M=getdate.c  ACBP=28
 0000:0479 00AE C=CODE   S=_TEXT          G=(none)  M=h_ldiv.asm ACBP=28
 0000:0527 0021 C=CODE   S=_TEXT          G=(none)  M=h_llsh.asm ACBP=28
 0000:0548 0060 C=CODE   S=_TEXT          G=(none)  M=h_padd.asm ACBP=28
 0000:05A8 0052 C=CODE   S=_TEXT          G=(none)  M=ioerror.cas ACBP=28
 0000:05FA 0015 C=CODE   S=_TEXT          G=(none)  M=isatty.cas ACBP=28
 0000:060F 00A6 C=CODE   S=_TEXT          G=(none)  M=longtoa.cas ACBP=28
 0000:06B5 002D C=CODE   S=_TEXT          G=(none)  M=lseek.cas  ACBP=28
 0000:06E2 00BC C=CODE   S=_TEXT          G=(none)  M=mkname.c   ACBP=28
 0000:079E 02D9 C=CODE   S=_TEXT          G=(none)  M=new.cpp    ACBP=28
 0000:0A77 0017 C=CODE   S=_TEXT          G=(none)  M=n_lxmul.asm ACBP=28
 0000:0A8E 0021 C=CODE   S=_TEXT          G=(none)  M=n_pcmp.asm ACBP=28
 0000:0AAF 003E C=CODE   S=_TEXT          G=(none)  M=rand.c     ACBP=28
 0000:0AED 0032 C=CODE   S=_TEXT          G=(none)  M=reada.cas  ACBP=28
 0000:0B1F 001C C=CODE   S=_TEXT          G=(none)  M=remove.cas ACBP=28
 0000:0B3B 04FC C=CODE   S=_TEXT          G=(none)  M=scanner.cas ACBP=28
 0000:1037 01D1 C=CODE   S=_TEXT          G=(none)  M=scantol.cas ACBP=28
 0000:1208 0022 C=CODE   S=_TEXT          G=(none)  M=segread.cas ACBP=28
 0000:122A 002E C=CODE   S=_TEXT          G=(none)  M=setdate.cas ACBP=28
 0000:1258 0025 C=CODE   S=_TEXT          G=(none)  M=setftime.cas ACBP=28
 0000:127D 00A4 C=CODE   S=_TEXT          G=(none)  M=setupio.c  ACBP=28
 0000:1321 0098 C=CODE   S=_TEXT          G=(none)  M=stime.c    ACBP=28
 0000:13B9 0000 C=CODE   S=_TEXT          G=(none)  M=stklen.c   ACBP=28
 0000:13B9 0000 C=CODE   S=_TEXT          G=(none)  M=ctype.c    ACBP=28
 0000:13B9 0030 C=CODE   S=_TEXT          G=(none)  M=toupper.c  ACBP=28
 0000:13E9 001C C=CODE   S=_TEXT          G=(none)  M=unlink.cas ACBP=28
 0000:1405 04DB C=CODE   S=_TEXT          G=(none)  M=vprinter.cas ACBP=28
 0000:18E0 005A C=CODE   S=_TEXT          G=(none)  M=xxa.cpp    ACBP=28
 0000:193A 0258 C=CODE   S=_TEXT          G=(none)  M=xxv.cpp    ACBP=28
 0000:1B92 005C C=CODE   S=_TEXT          G=(none)  M=cputype.asm ACBP=28
 0000:1BEE 0432 C=CODE   S=_TEXT          G=(none)  M=farheap.asm ACBP=28
 0000:2020 0160 C=CODE   S=_TEXT          G=(none)  M=fbrk.c     ACBP=28
 0000:2180 00CF C=CODE   S=_TEXT          G=(none)  M=int86.cas  ACBP=28
 0000:224F 002D C=CODE   S=_TEXT          G=(none)  M=ioctl.cas  ACBP=28
 0000:227C 0334 C=CODE   S=_TEXT          G=(none)  M=_timecvt.c ACBP=28
 0000:25B0 008A C=CODE   S=_TEXT          G=(none)  M=atol.cas   ACBP=28
 0000:263A 0021 C=CODE   S=_TEXT          G=(none)  M=chmoda.cas ACBP=28
 0000:265B 002C C=CODE   S=_TEXT          G=(none)  M=close.c    ACBP=28
 0000:2687 0033 C=CODE   S=_TEXT          G=(none)  M=closea.cas ACBP=28
 0000:26BA 007D C=CODE   S=_TEXT          G=(none)  M=eof.cas    ACBP=28
 0000:2737 00C0 C=CODE   S=_TEXT          G=(none)  M=fclose.c   ACBP=28
 0000:27F7 00D1 C=CODE   S=_TEXT          G=(none)  M=fflush.c   ACBP=28
 0000:28C8 009A C=CODE   S=_TEXT          G=(none)  M=fgets.c    ACBP=28
 0000:2962 004C C=CODE   S=_TEXT          G=(none)  M=flushall.c ACBP=28
 0000:29AE 022C C=CODE   S=_TEXT          G=(none)  M=fopen.c    ACBP=28
 0000:2BDA 0020 C=CODE   S=_TEXT          G=(none)  M=fprintf.c  ACBP=28
 0000:2BFA 0055 C=CODE   S=_TEXT          G=(none)  M=fputs.c    ACBP=28
 0000:2C4F 016F C=CODE   S=_TEXT          G=(none)  M=fread.c    ACBP=28
 0000:2DBE 0028 C=CODE   S=_TEXT          G=(none)  M=fscanf.c   ACBP=28
 0000:2DE6 01EC C=CODE   S=_TEXT          G=(none)  M=fseek.c    ACBP=28
 0000:2FD2 01E5 C=CODE   S=_TEXT          G=(none)  M=getc.cas   ACBP=28
 0000:31B7 0070 C=CODE   S=_TEXT          G=(none)  M=getenv.cas ACBP=28
 0000:3227 0028 C=CODE   S=_TEXT          G=(none)  M=memcmp.cas ACBP=28
 0000:324F 0024 C=CODE   S=_TEXT          G=(none)  M=memcpy.cas ACBP=28
 0000:3273 0048 C=CODE   S=_TEXT          G=(none)  M=memset.cas ACBP=28
 0000:32BB 0077 C=CODE   S=_TEXT          G=(none)  M=movmem.cas ACBP=28
 0000:3332 01BF C=CODE   S=_TEXT          G=(none)  M=open.cas   ACBP=28
 0000:34F1 006C C=CODE   S=_TEXT          G=(none)  M=opena.cas  ACBP=28
 0000:355D 0091 C=CODE   S=_TEXT          G=(none)  M=perror.c   ACBP=28
 0000:35EE 03CE C=CODE   S=_TEXT          G=(none)  M=putc.c     ACBP=28
 0000:39BC 00CF C=CODE   S=_TEXT          G=(none)  M=read.cas   ACBP=28
 0000:3A8B 0121 C=CODE   S=_TEXT          G=(none)  M=setvbuf.c  ACBP=28
 0000:3BAC 0090 C=CODE   S=_TEXT          G=(none)  M=sprintf.c  ACBP=28
 0000:3C3C 003F C=CODE   S=_TEXT          G=(none)  M=strcat.cas ACBP=28
 0000:3C7B 0030 C=CODE   S=_TEXT          G=(none)  M=strcmp.cas ACBP=28
 0000:3CAB 0029 C=CODE   S=_TEXT          G=(none)  M=strcpy.cas ACBP=28
 0000:3CD4 0041 C=CODE   S=_TEXT          G=(none)  M=stricmp.cas ACBP=28
 0000:3D15 0021 C=CODE   S=_TEXT          G=(none)  M=strlen.cas ACBP=28
 0000:3D36 0031 C=CODE   S=_TEXT          G=(none)  M=strncpy.cas ACBP=28
 0000:3D67 0040 C=CODE   S=_TEXT          G=(none)  M=timecvt.c  ACBP=28
 0000:3DA7 02E8 C=CODE   S=_TEXT          G=(none)  M=tzset.cas  ACBP=28
 0000:408F 0072 C=CODE   S=_TEXT          G=(none)  M=ungetc.cas ACBP=28
 0000:4101 0166 C=CODE   S=_TEXT          G=(none)  M=write.c    ACBP=28
 0000:4267 005B C=CODE   S=_TEXT          G=(none)  M=writea.cas ACBP=28
 0000:42C2 0042 C=CODE   S=_TEXT          G=(none)  M=xfclose.c  ACBP=28
 0000:4304 003F C=CODE   S=_TEXT          G=(none)  M=xfflush.c  ACBP=28
 0000:4343 01E9 C=CODE   S=_TEXT          G=(none)  M=xalloc.cpp ACBP=28
 0000:452C 0385 C=CODE   S=_TEXT          G=(none)  M=xmsg.cpp   ACBP=28
 0000:48B1 310A C=CODE   S=_TEXT          G=(none)  M=xx.cpp     ACBP=28
 0000:79BB 0029 C=CODE   S=_TEXT          G=(none)  M=bioskey.cas ACBP=28
 0000:79E4 01B9 C=CODE   S=_TEXT          G=(none)  M=crtinit.cas ACBP=28
 0000:7B9D 001F C=CODE   S=_TEXT          G=(none)  M=cvtfak.asm ACBP=28
 0000:7BBC 004D C=CODE   S=_TEXT          G=(none)  M=gotoxy.c   ACBP=28
 0000:7C09 0004 C=CODE   S=_TEXT          G=(none)  M=realcvt.asm ACBP=28
 0000:7C0D 000C C=CODE   S=_TEXT          G=(none)  M=scantod.asm ACBP=28
 0000:7C19 012B C=CODE   S=_TEXT          G=(none)  M=setargv.asm ACBP=28
 0000:7D44 0020 C=CODE   S=_TEXT          G=(none)  M=setblock.cas ACBP=28
 0000:7D64 0058 C=CODE   S=_TEXT          G=(none)  M=setenvp.asm ACBP=28
 0000:7DBC 005A C=CODE   S=_TEXT          G=(none)  M=ctor2.cpp  ACBP=28
 0000:7E16 00C3 C=CODE   S=_TEXT          G=(none)  M=ctor3.cpp  ACBP=28
 0000:7ED9 01F1 C=CODE   S=_TEXT          G=(none)  M=strings.cpp ACBP=28
 080C:000A 0A8D C=CODE   S=CHK_TEXT       G=(none)  M=chk.c      ACBP=28
 08B5:0008 0000 C=CODE   S=oldmouse_TEXT  G=(none)  M=oldmouse.asm ACBP=48
 08B5:0008 01F3 C=CODE   S=MOUSEFN_TEXT   G=(none)  M=oldmouse.asm ACBP=28
 08D4:000B 1C85 C=CODE   S=WINDIO_TEXT    G=(none)  M=windio.c   ACBP=28
 0A9D:0000 0019 C=CODE   S=gma_TEXT       G=(none)  M=gma.asm    ACBP=48
 0A9E:000A 03DD C=CODE   S=scrnrout_TEXT  G=(none)  M=scrnrout.asm ACBP=48
 0ADC:0007 00E2 C=CODE   S=_TEXTC         G=(none)  M=ctor2.cpp  ACBP=28
 0ADC:00E9 020F C=CODE   S=_TEXTC         G=(none)  M=ctor3.cpp  ACBP=28
 0ADC:02F8 08F0 C=CODE   S=_TEXTC         G=(none)  M=strings.cpp ACBP=28
 0B9B:0000 0000 C=FAR_DATA S=_FARDATA       G=(none)  M=startup.asm ACBP=68
 0B9B:0000 0000 C=FAR_BSS S=_FARBSS        G=(none)  M=startup.asm ACBP=68
 0B9B:0000 0000 C=OVRINFO S=_OVERLAY_      G=(none)  M=startup.asm ACBP=68
 0B9B:0000 0000 C=STUBSEG S=_1STUB_        G=(none)  M=startup.asm ACBP=68
 0B9B:0000 0254 C=DATA   S=_DATA          G=DGROUP  M=startup.asm ACBP=68
 0B9B:0254 0AB9 C=DATA   S=_DATA          G=DGROUP  M=chk.c      ACBP=48
 0B9B:0D0E 0013 C=DATA   S=_DATA          G=DGROUP  M=oldmouse.asm ACBP=48
 0B9B:0D22 023A C=DATA   S=_DATA          G=DGROUP  M=windio.c   ACBP=48
 0B9B:0F5C 0000 C=DATA   S=_DATA          G=DGROUP  M=gma.asm    ACBP=48
 0B9B:0F5C 0001 C=DATA   S=_DATA          G=DGROUP  M=scrnrout.asm ACBP=48
 0B9B:0F5E 0000 C=DATA   S=_DATA          G=DGROUP  M=_stpcpy.c  ACBP=48
 0B9B:0F5E 0002 C=DATA   S=_DATA          G=DGROUP  M=atexit.c   ACBP=48
 0B9B:0F60 0000 C=DATA   S=_DATA          G=DGROUP  M=del.cpp    ACBP=48
 0B9B:0F60 0000 C=DATA   S=_DATA          G=DGROUP  M=delarray.cpp ACBP=48
 0B9B:0F60 0000 C=DATA   S=_DATA          G=DGROUP  M=dosfattr.cas ACBP=48
 0B9B:0F60 000C C=DATA   S=_DATA          G=DGROUP  M=exit.c     ACBP=48
 0B9B:0F6C 0190 C=DATA   S=_DATA          G=DGROUP  M=files.c    ACBP=48
 0B9B:10FC 002A C=DATA   S=_DATA          G=DGROUP  M=files2.c   ACBP=48
 0B9B:1126 0004 C=DATA   S=_DATA          G=DGROUP  M=fmode.c    ACBP=48
 0B9B:112A 0000 C=DATA   S=_DATA          G=DGROUP  M=f_lxmul.asm ACBP=48
 0B9B:112A 0000 C=DATA   S=_DATA          G=DGROUP  M=getdate.c  ACBP=48
 0B9B:112A 0000 C=DATA   S=_DATA          G=DGROUP  M=h_ldiv.asm ACBP=48
 0B9B:112A 0000 C=DATA   S=_DATA          G=DGROUP  M=h_llsh.asm ACBP=48
 0B9B:112A 0000 C=DATA   S=_DATA          G=DGROUP  M=h_padd.asm ACBP=48
 0B9B:112A 005B C=DATA   S=_DATA          G=DGROUP  M=ioerror.cas ACBP=48
 0B9B:1186 0000 C=DATA   S=_DATA          G=DGROUP  M=isatty.cas ACBP=48
 0B9B:1186 0000 C=DATA   S=_DATA          G=DGROUP  M=longtoa.cas ACBP=48
 0B9B:1186 0000 C=DATA   S=_DATA          G=DGROUP  M=lseek.cas  ACBP=48
 0B9B:1186 0009 C=DATA   S=_DATA          G=DGROUP  M=mkname.c   ACBP=48
 0B9B:1190 0018 C=DATA   S=_DATA          G=DGROUP  M=new.cpp    ACBP=48
 0B9B:11A8 0000 C=DATA   S=_DATA          G=DGROUP  M=n_lxmul.asm ACBP=48
 0B9B:11A8 0000 C=DATA   S=_DATA          G=DGROUP  M=n_pcmp.asm ACBP=48
 0B9B:11A8 0004 C=DATA   S=_DATA          G=DGROUP  M=rand.c     ACBP=48
 0B9B:11AC 0000 C=DATA   S=_DATA          G=DGROUP  M=reada.cas  ACBP=48
 0B9B:11AC 0000 C=DATA   S=_DATA          G=DGROUP  M=remove.cas ACBP=48
 0B9B:11AC 0080 C=DATA   S=_DATA          G=DGROUP  M=scanner.cas ACBP=48
 0B9B:122C 0000 C=DATA   S=_DATA          G=DGROUP  M=scantol.cas ACBP=48
 0B9B:122C 0000 C=DATA   S=_DATA          G=DGROUP  M=segread.cas ACBP=48
 0B9B:122C 0000 C=DATA   S=_DATA          G=DGROUP  M=setdate.cas ACBP=48
 0B9B:122C 0000 C=DATA   S=_DATA          G=DGROUP  M=setftime.cas ACBP=48
 0B9B:122C 0000 C=DATA   S=_DATA          G=DGROUP  M=setupio.c  ACBP=48
 0B9B:122C 0000 C=DATA   S=_DATA          G=DGROUP  M=stime.c    ACBP=48
 0B9B:122C 0002 C=DATA   S=_DATA          G=DGROUP  M=stklen.c   ACBP=48
 0B9B:122E 0101 C=DATA   S=_DATA          G=DGROUP  M=ctype.c    ACBP=48
 0B9B:1330 0000 C=DATA   S=_DATA          G=DGROUP  M=toupper.c  ACBP=48
 0B9B:1330 0000 C=DATA   S=_DATA          G=DGROUP  M=unlink.cas ACBP=48
 0B9B:1330 0067 C=DATA   S=_DATA          G=DGROUP  M=vprinter.cas ACBP=48
 0B9B:1398 0000 C=DATA   S=_DATA          G=DGROUP  M=xxa.cpp    ACBP=48
 0B9B:1398 0028 C=DATA   S=_DATA          G=DGROUP  M=xxv.cpp    ACBP=48
 0B9B:13C0 0002 C=DATA   S=_DATA          G=DGROUP  M=cputype.asm ACBP=48
 0B9B:13C2 0000 C=DATA   S=_DATA          G=DGROUP  M=farheap.asm ACBP=48
 0B9B:13C2 0002 C=DATA   S=_DATA          G=DGROUP  M=fbrk.c     ACBP=48
 0B9B:13C4 0000 C=DATA   S=_DATA          G=DGROUP  M=int86.cas  ACBP=48
 0B9B:13C4 0000 C=DATA   S=_DATA          G=DGROUP  M=ioctl.cas  ACBP=48
 0B9B:13C4 000C C=DATA   S=_DATA          G=DGROUP  M=_timecvt.c ACBP=48
 0B9B:13D0 0000 C=DATA   S=_DATA          G=DGROUP  M=atol.cas   ACBP=48
 0B9B:13D0 0000 C=DATA   S=_DATA          G=DGROUP  M=chmoda.cas ACBP=48
 0B9B:13D0 0000 C=DATA   S=_DATA          G=DGROUP  M=close.c    ACBP=48
 0B9B:13D0 0000 C=DATA   S=_DATA          G=DGROUP  M=closea.cas ACBP=48
 0B9B:13D0 0000 C=DATA   S=_DATA          G=DGROUP  M=eof.cas    ACBP=48
 0B9B:13D0 0000 C=DATA   S=_DATA          G=DGROUP  M=fclose.c   ACBP=48
 0B9B:13D0 0000 C=DATA   S=_DATA          G=DGROUP  M=fflush.c   ACBP=48
 0B9B:13D0 0000 C=DATA   S=_DATA          G=DGROUP  M=fgets.c    ACBP=48
 0B9B:13D0 0000 C=DATA   S=_DATA          G=DGROUP  M=flushall.c ACBP=48
 0B9B:13D0 0000 C=DATA   S=_DATA          G=DGROUP  M=fopen.c    ACBP=48
 0B9B:13D0 0000 C=DATA   S=_DATA          G=DGROUP  M=fprintf.c  ACBP=48
 0B9B:13D0 0000 C=DATA   S=_DATA          G=DGROUP  M=fputs.c    ACBP=48
 0B9B:13D0 0000 C=DATA   S=_DATA          G=DGROUP  M=fread.c    ACBP=48
 0B9B:13D0 0000 C=DATA   S=_DATA          G=DGROUP  M=fscanf.c   ACBP=48
 0B9B:13D0 0000 C=DATA   S=_DATA          G=DGROUP  M=fseek.c    ACBP=48
 0B9B:13D0 0000 C=DATA   S=_DATA          G=DGROUP  M=getc.cas   ACBP=48
 0B9B:13D0 0000 C=DATA   S=_DATA          G=DGROUP  M=getenv.cas ACBP=48
 0B9B:13D0 0000 C=DATA   S=_DATA          G=DGROUP  M=memcmp.cas ACBP=48
 0B9B:13D0 0000 C=DATA   S=_DATA          G=DGROUP  M=memcpy.cas ACBP=48
 0B9B:13D0 0000 C=DATA   S=_DATA          G=DGROUP  M=memset.cas ACBP=48
 0B9B:13D0 0000 C=DATA   S=_DATA          G=DGROUP  M=movmem.cas ACBP=48
 0B9B:13D0 0000 C=DATA   S=_DATA          G=DGROUP  M=open.cas   ACBP=48
 0B9B:13D0 0000 C=DATA   S=_DATA          G=DGROUP  M=opena.cas  ACBP=48
 0B9B:13D0 02D0 C=DATA   S=_DATA          G=DGROUP  M=perror.c   ACBP=48
 0B9B:16A0 0001 C=DATA   S=_DATA          G=DGROUP  M=putc.c     ACBP=48
 0B9B:16A2 0000 C=DATA   S=_DATA          G=DGROUP  M=read.cas   ACBP=48
 0B9B:16A2 0004 C=DATA   S=_DATA          G=DGROUP  M=setvbuf.c  ACBP=48
 0B9B:16A6 0000 C=DATA   S=_DATA          G=DGROUP  M=sprintf.c  ACBP=48
 0B9B:16A6 0000 C=DATA   S=_DATA          G=DGROUP  M=strcat.cas ACBP=48
 0B9B:16A6 0000 C=DATA   S=_DATA          G=DGROUP  M=strcmp.cas ACBP=48
 0B9B:16A6 0000 C=DATA   S=_DATA          G=DGROUP  M=strcpy.cas ACBP=48
 0B9B:16A6 0000 C=DATA   S=_DATA          G=DGROUP  M=stricmp.cas ACBP=48
 0B9B:16A6 0000 C=DATA   S=_DATA          G=DGROUP  M=strlen.cas ACBP=48
 0B9B:16A6 0000 C=DATA   S=_DATA          G=DGROUP  M=strncpy.cas ACBP=48
 0B9B:16A6 0000 C=DATA   S=_DATA          G=DGROUP  M=timecvt.c  ACBP=48
 0B9B:16A6 0033 C=DATA   S=_DATA          G=DGROUP  M=tzset.cas  ACBP=48
 0B9B:16DA 0000 C=DATA   S=_DATA          G=DGROUP  M=ungetc.cas ACBP=48
 0B9B:16DA 0000 C=DATA   S=_DATA          G=DGROUP  M=write.c    ACBP=48
 0B9B:16DA 0000 C=DATA   S=_DATA          G=DGROUP  M=writea.cas ACBP=48
 0B9B:16DA 0000 C=DATA   S=_DATA          G=DGROUP  M=xfclose.c  ACBP=48
 0B9B:16DA 0000 C=DATA   S=_DATA          G=DGROUP  M=xfflush.c  ACBP=48
 0B9B:16DA 0000 C=DATA   S=_DATA          G=DGROUP  M=xalloc.cpp ACBP=48
 0B9B:16DA 0000 C=DATA   S=_DATA          G=DGROUP  M=xmsg.cpp   ACBP=48
 0B9B:16DA 0012 C=DATA   S=_DATA          G=DGROUP  M=xx.cpp     ACBP=48
 0B9B:16EC 0000 C=DATA   S=_DATA          G=DGROUP  M=bioskey.cas ACBP=48
 0B9B:16EC 0018 C=DATA   S=_DATA          G=DGROUP  M=crtinit.cas ACBP=48
 0B9B:1704 0031 C=DATA   S=_DATA          G=DGROUP  M=cvtfak.asm ACBP=48
 0B9B:1736 0000 C=DATA   S=_DATA          G=DGROUP  M=gotoxy.c   ACBP=48
 0B9B:1736 0000 C=DATA   S=_DATA          G=DGROUP  M=realcvt.asm ACBP=48
 0B9B:1736 0000 C=DATA   S=_DATA          G=DGROUP  M=scantod.asm ACBP=48
 0B9B:1736 0010 C=DATA   S=_DATA          G=DGROUP  M=setargv.asm ACBP=48
 0B9B:1746 0000 C=DATA   S=_DATA          G=DGROUP  M=setblock.cas ACBP=48
 0B9B:1746 0004 C=DATA   S=_DATA          G=DGROUP  M=setenvp.asm ACBP=48
 0B9B:174A 0000 C=DATA   S=_DATA          G=DGROUP  M=ctor2.cpp  ACBP=48
 0B9B:174A 0000 C=DATA   S=_DATA          G=DGROUP  M=ctor3.cpp  ACBP=48
 0B9B:174A 0066 C=DATA   S=_DATA          G=DGROUP  M=strings.cpp ACBP=48
 0B9B:17B0 0000 C=DATA   S=_CVTSEG        G=DGROUP  M=startup.asm ACBP=48
 0B9B:17B0 0002 C=DATA   S=_CVTSEG        G=DGROUP  M=cvtfak.asm ACBP=48
 0B9B:17B2 0000 C=DATA   S=_CVTSEG        G=DGROUP  M=realcvt.asm ACBP=48
 0B9B:17B2 0000 C=DATA   S=_SCNSEG        G=DGROUP  M=startup.asm ACBP=48
 0B9B:17B2 0006 C=DATA   S=_SCNSEG        G=DGROUP  M=cvtfak.asm ACBP=48
 0B9B:17B8 0000 C=DATA   S=_SCNSEG        G=DGROUP  M=scantod.asm ACBP=48
 0B9B:17B8 0000 C=CONST  S=_CONST         G=DGROUP  M=startup.asm ACBP=48
 0B9B:17B8 0000 C=INITDATA S=_INIT_         G=DGROUP  M=startup.asm ACBP=48
 0B9B:17B8 0006 C=INITDATA S=_INIT_         G=DGROUP  M=new.cpp    ACBP=48
 0B9B:17BE 0006 C=INITDATA S=_INIT_         G=DGROUP  M=setupio.c  ACBP=48
 0B9B:17C4 0006 C=INITDATA S=_INIT_         G=DGROUP  M=cputype.asm ACBP=48
 0B9B:17CA 0006 C=INITDATA S=_INIT_         G=DGROUP  M=tzset.cas  ACBP=48
 0B9B:17D0 0006 C=INITDATA S=_INIT_         G=DGROUP  M=crtinit.cas ACBP=48
 0B9B:17D6 0006 C=INITDATA S=_INIT_         G=DGROUP  M=setargv.asm ACBP=48
 0B9B:17DC 0006 C=INITDATA S=_INIT_         G=DGROUP  M=setenvp.asm ACBP=48
 0B9B:17E2 0000 C=INITDATA S=_INITEND_      G=DGROUP  M=startup.asm ACBP=28
 0B9B:17E2 0000 C=EXITDATA S=_EXIT_         G=DGROUP  M=startup.asm ACBP=48
 0B9B:17E2 0006 C=EXITDATA S=_EXIT_         G=DGROUP  M=new.cpp    ACBP=48
 0B9B:17E8 0000 C=EXITDATA S=_EXITEND_      G=DGROUP  M=startup.asm ACBP=28
 0B9B:17E8 0000 C=BSS    S=_BSS           G=DGROUP  M=startup.asm ACBP=48
 0B9B:17E8 0029 C=BSS    S=_BSS           G=DGROUP  M=chk.c      ACBP=48
 0B9B:1812 002C C=BSS    S=_BSS           G=DGROUP  M=windio.c   ACBP=48
 0B9B:183E 0080 C=BSS    S=_BSS           G=DGROUP  M=atexit.c   ACBP=48
 0B9B:18BE 0000 C=BSS    S=_BSS           G=DGROUP  M=dosfattr.cas ACBP=48
 0B9B:18BE 0000 C=BSS    S=_BSS           G=DGROUP  M=ioerror.cas ACBP=48
 0B9B:18BE 0000 C=BSS    S=_BSS           G=DGROUP  M=isatty.cas ACBP=48
 0B9B:18BE 0000 C=BSS    S=_BSS           G=DGROUP  M=longtoa.cas ACBP=48
 0B9B:18BE 0000 C=BSS    S=_BSS           G=DGROUP  M=lseek.cas  ACBP=48
 0B9B:18BE 000D C=BSS    S=_BSS           G=DGROUP  M=mkname.c   ACBP=48
 0B9B:18CC 0000 C=BSS    S=_BSS           G=DGROUP  M=new.cpp    ACBP=48
 0B9B:18CC 0000 C=BSS    S=_BSS           G=DGROUP  M=reada.cas  ACBP=48
 0B9B:18CC 0000 C=BSS    S=_BSS           G=DGROUP  M=remove.cas ACBP=48
 0B9B:18CC 0000 C=BSS    S=_BSS           G=DGROUP  M=scanner.cas ACBP=48
 0B9B:18CC 0000 C=BSS    S=_BSS           G=DGROUP  M=scantol.cas ACBP=48
 0B9B:18CC 0000 C=BSS    S=_BSS           G=DGROUP  M=segread.cas ACBP=48
 0B9B:18CC 0000 C=BSS    S=_BSS           G=DGROUP  M=setdate.cas ACBP=48
 0B9B:18CC 0000 C=BSS    S=_BSS           G=DGROUP  M=setftime.cas ACBP=48
 0B9B:18CC 0000 C=BSS    S=_BSS           G=DGROUP  M=setupio.c  ACBP=48
 0B9B:18CC 0000 C=BSS    S=_BSS           G=DGROUP  M=unlink.cas ACBP=48
 0B9B:18CC 0000 C=BSS    S=_BSS           G=DGROUP  M=vprinter.cas ACBP=48
 0B9B:18CC 0000 C=BSS    S=_BSS           G=DGROUP  M=xxa.cpp    ACBP=48
 0B9B:18CC 0104 C=BSS    S=_BSS           G=DGROUP  M=xxv.cpp    ACBP=48
 0B9B:19D0 0000 C=BSS    S=_BSS           G=DGROUP  M=int86.cas  ACBP=48
 0B9B:19D0 0000 C=BSS    S=_BSS           G=DGROUP  M=ioctl.cas  ACBP=48
 0B9B:19D0 0000 C=BSS    S=_BSS           G=DGROUP  M=atol.cas   ACBP=48
 0B9B:19D0 0000 C=BSS    S=_BSS           G=DGROUP  M=chmoda.cas ACBP=48
 0B9B:19D0 0000 C=BSS    S=_BSS           G=DGROUP  M=closea.cas ACBP=48
 0B9B:19D0 0000 C=BSS    S=_BSS           G=DGROUP  M=eof.cas    ACBP=48
 0B9B:19D0 0001 C=BSS    S=_BSS           G=DGROUP  M=getc.cas   ACBP=48
 0B9B:19D2 0000 C=BSS    S=_BSS           G=DGROUP  M=getenv.cas ACBP=48
 0B9B:19D2 0000 C=BSS    S=_BSS           G=DGROUP  M=memcmp.cas ACBP=48
 0B9B:19D2 0000 C=BSS    S=_BSS           G=DGROUP  M=memcpy.cas ACBP=48
 0B9B:19D2 0000 C=BSS    S=_BSS           G=DGROUP  M=memset.cas ACBP=48
 0B9B:19D2 0000 C=BSS    S=_BSS           G=DGROUP  M=movmem.cas ACBP=48
 0B9B:19D2 0000 C=BSS    S=_BSS           G=DGROUP  M=open.cas   ACBP=48
 0B9B:19D2 0000 C=BSS    S=_BSS           G=DGROUP  M=opena.cas  ACBP=48
 0B9B:19D2 0001 C=BSS    S=_BSS           G=DGROUP  M=putc.c     ACBP=48
 0B9B:19D4 0000 C=BSS    S=_BSS           G=DGROUP  M=read.cas   ACBP=48
 0B9B:19D4 0000 C=BSS    S=_BSS           G=DGROUP  M=strcat.cas ACBP=48
 0B9B:19D4 0000 C=BSS    S=_BSS           G=DGROUP  M=strcmp.cas ACBP=48
 0B9B:19D4 0000 C=BSS    S=_BSS           G=DGROUP  M=strcpy.cas ACBP=48
 0B9B:19D4 0000 C=BSS    S=_BSS           G=DGROUP  M=stricmp.cas ACBP=48
 0B9B:19D4 0000 C=BSS    S=_BSS           G=DGROUP  M=strlen.cas ACBP=48
 0B9B:19D4 0000 C=BSS    S=_BSS           G=DGROUP  M=strncpy.cas ACBP=48
 0B9B:19D4 0008 C=BSS    S=_BSS           G=DGROUP  M=tzset.cas  ACBP=48
 0B9B:19DC 0000 C=BSS    S=_BSS           G=DGROUP  M=ungetc.cas ACBP=48
 0B9B:19DC 0000 C=BSS    S=_BSS           G=DGROUP  M=writea.cas ACBP=48
 0B9B:19DC 0020 C=BSS    S=_BSS           G=DGROUP  M=xx.cpp     ACBP=48
 0B9B:19FC 0000 C=BSS    S=_BSS           G=DGROUP  M=bioskey.cas ACBP=48
 0B9B:19FC 0000 C=BSS    S=_BSS           G=DGROUP  M=crtinit.cas ACBP=48
 0B9B:19FC 0000 C=BSS    S=_BSS           G=DGROUP  M=setblock.cas ACBP=48
 0B9B:19FC 0000 C=BSS    S=_BSS           G=DGROUP  M=ctor2.cpp  ACBP=48
 0B9B:19FC 0000 C=BSS    S=_BSS           G=DGROUP  M=ctor3.cpp  ACBP=48
 0B9B:19FC 0000 C=BSS    S=_BSS           G=DGROUP  M=strings.cpp ACBP=48
 0B9B:19FC 0000 C=BSSEND S=_BSSEND        G=DGROUP  M=startup.asm ACBP=28
 0D3B:0000 0080 C=STACK  S=_STACK         G=(none)  M=startup.asm ACBP=74

  Address         Publics by Name

 0000:0319       operator delete(void far*)
 0000:032F       operator ...
 0000:084D       operator new(unsigned int)
 08D4:17AC       closemenu(int,int,int,int,char far*)
 08D4:1B8E idle  delany(const char far*,const char far*,char far*)
 08D4:0FC7       errorbox(char far*,char far*,unsigned int)
 08D4:000B idle  GetChoices(const char far*,const char far*,char far*,unsigned int)
 08D4:00AD idle  getfname(int,int,const char far*,const char far*,char far*)
 08B5:0197 idle  getmoubox(int far*,int far*,int far*,int far*)
 08D4:1969 idle  GetSaveFile(char far*,char far*,char far*,char far*)
 08D4:0DA0 idle  getstr(int,int,int,char far*)
 08D4:1481 idle  horizmenu(int,int,int,...)
 08B5:0008       initmouse()
 08D4:187B idle  loadany(char far*,char far*,char far*,unsigned int,char far*,int)
 08B5:01D2       mouclearbut()
 08B5:004B       moucur(int)
 08B5:00E6 idle  moucurbox(int,int,int,int)
 08B5:00B1       moustats(int far*,int far*,int far*)
 08D4:17F9       openmenu(int,int,int,int,char far*)
 08D4:0F23       qwindow(int,int,int,char far*,char far*)
 08D4:1B85 idle  saveany(char far*,char far*,char far*,unsigned int,char far*)
 08B5:0082       setmoupos(int,int)
 0000:081F idle  set_new_handler(void(far*)())
 0000:1944 idle  set_terminate(void(far*)())
 0000:1A24 idle  set_unexpected(void(far*)())
 08D4:1B73 idle  StdCrippleMsg()
 0ADC:0007       string::string(const string far&)
 0ADC:00E9       string::string(const char far*)
 0ADC:02F8       string::~string()
 0ADC:0371 idle  string::assert_element(unsigned int) const
 0ADC:041E idle  string::assert_index(unsigned int) const
 0B9B:174A idle  string::case_sensitive
 0B9B:1754 idle  string::freeboard
 0B9B:1750 idle  string::initial_capac
 0ADC:0A34 idle  string::initial_capacity(unsigned int)
 0ADC:0A7B idle  string::max_waste(unsigned int)
 0B9B:174C idle  string::paranoid_check
 0B9B:1752 idle  string::resize_inc
 0ADC:0A51 idle  string::resize_increment(unsigned int)
 0ADC:09DD idle  string::set_case_sensitive(int)
 0ADC:09FA idle  string::set_paranoid_check(int)
 0B9B:174E idle  string::skip_white
 0ADC:0A17 idle  string::skip_whitespace(int)
 0000:193A idle  terminate()
 0ADC:0575       TStringRef::TStringRef(const char far*,unsigned int,const char far*,unsigned int,unsigned int)
 0ADC:0655       TStringRef::~TStringRef()
 0ADC:071B idle  TStringRef::check_freeboard()
 0ADC:0782 idle  TStringRef::grow_to(unsigned int)
 0ADC:06AE idle  TStringRef::reserve(unsigned int)
 0ADC:07E3 idle  TStringRef::round_capacity(unsigned int)
 0ADC:0820 idle  TStringRef::splice(unsigned int,unsigned int,const char far*,unsigned int)
 0ADC:04CB idle  TSubString::assert_element(unsigned int) const
 0000:490F idle  typeIDname(tpid far*)
 0000:73E9 idle  Type_info::operator =(const Type_info far&)
 0000:737B idle  Type_info::Type_info(const Type_info far&)
 0000:73F8 idle  Type_info::~Type_info()
 0000:742C idle  Type_info::operator ==(const Type_info far&) const
 0000:7452 idle  Type_info::operator !=(const Type_info far&) const
 0000:7473 idle  Type_info::before(const Type_info far&) const
 0000:74EB idle  Type_info::name() const
 0000:1A1B idle  unexpected()
 08D4:1289 idle  vertmenu(int,int,int,int,int)
 0000:4343       xalloc::xalloc(const string far&,unsigned int)
 0000:43BC       xalloc::raise()
 0000:4783 idle  xmsg::operator =(const xmsg far&)
 0000:460E       xmsg::xmsg(const xmsg far&)
 0000:4550       xmsg::xmsg(const string far&)
 0000:46AC       xmsg::~xmsg()
 0000:470C idle  xmsg::raise()
 0000:07BA idle  xnew_handler()
 0000:5ED4       _CatchCleanup()
 0000:5792 idle  _ReThrowException(unsigned int,unsigned char far*)
 0000:5739       _ThrowException(void far*,void far*,void far*,void far*,unsigned int,unsigned int,unsigned int,unsigned char)
 0000:77CE idle  __DynamicCast(void far*,void far*,void far*,void far*,int)
 0000:1AA9 idle  __GetPolymorphicDTC(void far*,unsigned int)
 0000:1AFD idle  __GetPolymorphicDTCfar(void far*,unsigned int)
 0000:7505 idle  __GetTypeInfo(void far*,void far*,void far*,void far*)
 0000:48BD idle  __Set_debugger_callbacks(int,void(far*)(char far*,unsigned long),void(far*)(unsigned long),(far*)(void far*)
 0000:7369 idle  __ThrowExceptionName()
 0000:7349 idle  __ThrowFileName()
 0000:735B idle  __ThrowLineNumber()
 0B9B:0000 idle  DATASEG@
 0000:02A7 idle  DGROUP@
 0000:0290 idle  ErrAbort
 0000:047C       F_LDIV@
 0000:048B idle  F_LMOD@
 0000:0483 idle  F_LUDIV@
 0000:0493 idle  F_LUMOD@
 0000:052A idle  F_LXLSH@
 0000:0434       F_LXMUL@
 0000:054B idle  F_PADD@
 0000:057A idle  F_PSUB@
 0000:047C idle  LDIV@
 0000:048B idle  LMOD@
 0000:0483 idle  LUDIV@
 0000:0493 idle  LUMOD@
 0000:052A idle  LXLSH@
 0000:0434 idle  LXMUL@
 0000:0479       N_LDIV@
 0000:0488       N_LMOD@
 0000:0480       N_LUDIV@
 0000:0490 idle  N_LUMOD@
 0000:0527       N_LXLSH@
 0000:0A77       N_LXMUL@
 0000:0548       N_PADD@
 0000:0A8E       N_PCMP@
 0000:0577 idle  N_PSUB@
 0000:054B idle  PADD@
 0000:057A idle  PSUB@
 0000:0278       _abort
 0B9B:0041 idle  _AbortMSG
 0B9B:003F idle  _AbortMSGLength
 0000:02E8 idle  _atexit
 0000:2625 idle  _atoi
 0000:25B0       _atol
 0000:79BB       _bioskey
 0000:265B       _close
 0A9E:000A       _clrbox
 0A9E:02F3 idle  _copypage
 0B9B:0D45 idle  _CritVal
 0B9B:0D24 idle  _curfile
 0000:3D67       _dostounix
 0A9E:01A2       _drawbox
 0000:26BA       _eof
 0B9B:0240       _errno
 0000:03E9       _exit
 0000:1D2E idle  _farfree
 0000:1E42 idle  _farmalloc
 0000:1FA6 idle  _farrealloc
 0000:2737       _fclose
 0000:27F7       _fflush
 0000:30AE       _fgetc
 0000:31A7 idle  _fgetchar
 0000:28C8       _fgets
 0000:2962       _flushall
 0000:2BA1       _fopen
 0000:2BDA       _fprintf
 0000:360E       _fputc
 0000:3799 idle  _fputchar
 0000:2BFA       _fputs
 0000:2D6A       _fread
 0000:1D2E       _free
 0000:2DBE       _fscanf
 0000:2E6F       _fseek
 0000:2EF1 idle  _ftell
 0000:044B       _getdate
 0000:31B7       _getenv
 0000:0462       _gettime
 0000:7BBC       _gotoxy
 0000:2180       _int86
 0000:21B5 idle  _int86x
 0000:224F       _ioctl
 0000:05FA       _isatty
 0000:06B5       _lseek
 080C:000A       _main
 0000:1E38       _malloc
 0000:3227       _memcmp
 0000:324F       _memcpy
 0000:330D       _memmove
 0000:3299       _memset
 0B9B:0D0E       _mouinstall
 0B9B:0D12 idle  _MouseMaxx
 0B9B:0D10 idle  _MouseMaxy
 0000:32BB idle  _movmem
 0B9B:0D1C idle  _MXlatx
 0B9B:0D1E idle  _MXlaty
 0000:3367       _open
 0A9D:0000       _Palette
 0000:355D idle  _perror
 0000:590D idle  _RaiseException
 0000:0AC4       _rand
 0A9E:03C1       _readch
 0000:1F9F       _realloc
 0000:0B1F       _remove
 0A9E:012B       _restorebox
 0A9E:00D0       _savebox
 0000:1208       _segread
 0000:7D44       _setblock
 0000:122A       _setdate
 0000:1258       _setftime
 0000:3273 idle  _setmem
 0000:1241       _settime
 0000:3A8B       _setvbuf
 0000:3BF1       _sprintf
 0000:0AAF       _srand
 0000:1321 idle  _stime
 0000:3C3C       _strcat
 0000:3C7B       _strcmp
 0000:3CAB       _strcpy
 0000:3CD4       _stricmp
 0000:3D15       _strlen
 0000:3D36       _strncpy
 0000:1361       _time
 0000:13B9       _toupper
 0000:3DA7       _tzset
 0000:4092 idle  _ungetc
 0000:3D84       _unixtodos
 0000:13E9       _unlink
 0B9B:17E8 idle  _UserName
 0000:3C17 idle  _vsprintf
 0B9B:0D43 idle  _windlvl
 0A9E:037A       _writech
 0A9E:032B       _writestr
 0A9E:006A idle  _xchgbox
 0B9B:13C0       __8086
 0000:1000 idle  __AHINCR
 0000:000C idle  __AHSHIFT
 0B9B:1736 idle  __argc
 0B9B:1738 idle  __argv
 0B9B:0F5E       __atexitcnt
 0B9B:183E       __atexittbl
 0000:20AE       __brk
 0B9B:024C       __brklvl
 0B9B:022C       __C0argc
 0B9B:022E       __C0argv
 0000:7AB6 idle  __c0crtinit
 0B9B:0232       __C0environ
 0000:0412 idle  __cexit
 0000:0196       __checknull
 0000:0183       __cleanup
 0000:26A9       __close
 0000:7AD7 idle  __crtinit
 0B9B:122E       __ctype
 0000:72F4 idle  __CurrExcContext
 0000:0000  Abs  __cvtfak
 0000:0424 idle  __c_exit
 0B9B:16CC       __daylight
 0B9B:18CC idle  __DestructorCountPtr
 0B9B:16FB idle  __directvideo
 0B9B:112A       __doserrno
 0000:05E6       __DOSERROR
 0B9B:112C idle  __dosErrorToSV
 0000:227C       __dostounix
 0000:0345       __dos_getfileattr
 0000:0369 idle  __dos_setfileattr
 0B9B:1746       __environ
 0B9B:0236       __envLng
 0B9B:0238       __envseg
 0B9B:023A       __envSize
 0000:1B55 idle  __ExceptInit
 0000:65C0       __ExceptionHandler
 0000:03FC       __exit
 0B9B:0F60       __exitbuf
 0B9B:0F64       __exitfopen
 0B9B:0F68 idle  __exitopen
 0000:3092       __fgetc
 0B9B:1126       __fmode
 0000:35EE idle  __fputc
 0000:37B1       __FPUTN
 0000:2B54 idle  __GETFP
 0000:58C1 idle  __Global_unwind
 0B9B:0248       __heapbase
 0B9B:0250       __heaptop
 0B9B:021C idle  __Int0Vector
 0B9B:0220 idle  __Int4Vector
 0B9B:0224 idle  __Int5Vector
 0B9B:0228 idle  __Int6Vector
 0000:05A8       __IOERROR
 0000:3FA3       __ISDST
 0000:64EA idle  __Local_unwind
 0000:060F       __LONGTOA
 0000:06E2       __MKNAME
 0000:02A9 idle  __MMODEL
 0B9B:16A6 idle  __monthDay
 0B9B:1196 idle  __new_handler
 0000:30AB       __Nfgetc
 0B9B:10FC       __nfile
 0B9B:1128       __notUmask
 0000:408F       __Nungetc
 0000:3544 idle  __open
 0B9B:10FE       __openfd
 0000:2A82 idle  __OPENFP
 0B9B:023E       __osmajor
 0B9B:023F idle  __osminor
 0B9B:023E idle  __osversion
 0B9B:023C       __psp
 0000:0AED       __read
 0000:7C09       __REALCVT
 0B9B:17B0       __RealCvtVector
 0000:01EC       __restorezero
 0000:650A idle  __Return_unwind
 0000:263A       __rtl_chmod
 0000:2687       __rtl_close
 0000:34F1       __rtl_open
 0000:4267       __rtl_write
 0000:20F1       __sbrk
 0000:0B3B       __scanner
 0000:7C15       __scanpop
 0000:7C11       __scanrslt
 0000:7C0D       __scantod
 0B9B:17B2       __ScanTodVector
 0000:1066       __scantol
 0000:0000  Abs  __setargv__
 0000:0000 idle  __setenvp__
 0000:127D       __setupio
 0B9B:0242 idle  __StartTime
 0B9B:122C       __stklen
 0000:02AB       __stpcpy
 0B9B:0F6C       __streams
 0B9B:13D0 idle  __sys_errlist
 0B9B:1490       __sys_nerr
 0000:0197       __terminate
 0B9B:16C8       __timezone
 0000:0743 idle  __TMPNAM
 0000:0000 idle  __turboCrt
 0B9B:16C0 idle  __tzname
 0000:23A9       __unixtodos
 0000:0691       __UTOA
 0B9B:023E idle  __version
 0B9B:16EC       __video
 0000:7A27       __VideoInt
 0000:141D       __VPRINTER
 0000:42A6 idle  __write
 0000:42C2       __xfclose
 0000:4304       __xfflush
 0B9B:0246 idle  ___brklvl
 0000:19B1       ___call_terminate
 0000:1A67       ___call_unexpected
 0B9B:1398 idle  ___CPPexceptionList
 0B9B:139C idle  ___exceptFlags
 0B9B:18D0       ___exceptionNameBuff
 0B9B:13BC idle  ___exceptMemAllocVars
 0B9B:13B8 idle  ___exceptStaticBuffP
 0B9B:1950 idle  ___ExceptStaticXbuff
 0000:1BEE idle  ___first
 0000:18E0       ___InitExceptBlock
 0000:48B1 idle  ___JumpToCatch__
 0000:1BF0 idle  ___last
 0000:39BC       ___read
 0000:1BF2 idle  ___rover
 0B9B:139E idle  ___savedDS
 0B9B:13A0 idle  ___savedSI
 0B9B:13A2 idle  ___terminatePTR
 0B9B:13AA idle  ___terminate_DS
 0B9B:13B4 idle  ___throwExceptionName
 0B9B:13AE idle  ___throwFileName
 0B9B:13B2 idle  ___throwLineNumber
 0B9B:13A6 idle  ___unexpectdPTR
 0B9B:13AC idle  ___unexpectd_DS
 0000:4101       ___write
 0B9B:1190       ___xalloc

  Address         Publics by Value

 0000:0000  Abs  __setargv__
 0000:0000 idle  __turboCrt
 0000:0000  Abs  __cvtfak
 0000:0000 idle  __setenvp__
 0000:000C idle  __AHSHIFT
 0000:0183       __cleanup
 0000:0196       __checknull
 0000:0197       __terminate
 0000:01EC       __restorezero
 0000:0278       _abort
 0000:0290 idle  ErrAbort
 0000:02A7 idle  DGROUP@
 0000:02A9 idle  __MMODEL
 0000:02AB       __stpcpy
 0000:02E8 idle  _atexit
 0000:0319       operator delete(void far*)
 0000:032F       operator ...
 0000:0345       __dos_getfileattr
 0000:0369 idle  __dos_setfileattr
 0000:03E9       _exit
 0000:03FC       __exit
 0000:0412 idle  __cexit
 0000:0424 idle  __c_exit
 0000:0434       F_LXMUL@
 0000:0434 idle  LXMUL@
 0000:044B       _getdate
 0000:0462       _gettime
 0000:0479       N_LDIV@
 0000:047C       F_LDIV@
 0000:047C idle  LDIV@
 0000:0480       N_LUDIV@
 0000:0483 idle  F_LUDIV@
 0000:0483 idle  LUDIV@
 0000:0488       N_LMOD@
 0000:048B idle  F_LMOD@
 0000:048B idle  LMOD@
 0000:0490 idle  N_LUMOD@
 0000:0493 idle  LUMOD@
 0000:0493 idle  F_LUMOD@
 0000:0527       N_LXLSH@
 0000:052A idle  LXLSH@
 0000:052A idle  F_LXLSH@
 0000:0548       N_PADD@
 0000:054B idle  F_PADD@
 0000:054B idle  PADD@
 0000:0577 idle  N_PSUB@
 0000:057A idle  F_PSUB@
 0000:057A idle  PSUB@
 0000:05A8       __IOERROR
 0000:05E6       __DOSERROR
 0000:05FA       _isatty
 0000:060F       __LONGTOA
 0000:0691       __UTOA
 0000:06B5       _lseek
 0000:06E2       __MKNAME
 0000:0743 idle  __TMPNAM
 0000:07BA idle  xnew_handler()
 0000:081F idle  set_new_handler(void(far*)())
 0000:084D       operator new(unsigned int)
 0000:0A77       N_LXMUL@
 0000:0A8E       N_PCMP@
 0000:0AAF       _srand
 0000:0AC4       _rand
 0000:0AED       __read
 0000:0B1F       _remove
 0000:0B3B       __scanner
 0000:1000 idle  __AHINCR
 0000:1066       __scantol
 0000:1208       _segread
 0000:122A       _setdate
 0000:1241       _settime
 0000:1258       _setftime
 0000:127D       __setupio
 0000:1321 idle  _stime
 0000:1361       _time
 0000:13B9       _toupper
 0000:13E9       _unlink
 0000:141D       __VPRINTER
 0000:18E0       ___InitExceptBlock
 0000:193A idle  terminate()
 0000:1944 idle  set_terminate(void(far*)())
 0000:19B1       ___call_terminate
 0000:1A1B idle  unexpected()
 0000:1A24 idle  set_unexpected(void(far*)())
 0000:1A67       ___call_unexpected
 0000:1AA9 idle  __GetPolymorphicDTC(void far*,unsigned int)
 0000:1AFD idle  __GetPolymorphicDTCfar(void far*,unsigned int)
 0000:1B55 idle  __ExceptInit
 0000:1BEE idle  ___first
 0000:1BF0 idle  ___last
 0000:1BF2 idle  ___rover
 0000:1D2E       _free
 0000:1D2E idle  _farfree
 0000:1E38       _malloc
 0000:1E42 idle  _farmalloc
 0000:1F9F       _realloc
 0000:1FA6 idle  _farrealloc
 0000:20AE       __brk
 0000:20F1       __sbrk
 0000:2180       _int86
 0000:21B5 idle  _int86x
 0000:224F       _ioctl
 0000:227C       __dostounix
 0000:23A9       __unixtodos
 0000:25B0       _atol
 0000:2625 idle  _atoi
 0000:263A       __rtl_chmod
 0000:265B       _close
 0000:2687       __rtl_close
 0000:26A9       __close
 0000:26BA       _eof
 0000:2737       _fclose
 0000:27F7       _fflush
 0000:28C8       _fgets
 0000:2962       _flushall
 0000:2A82 idle  __OPENFP
 0000:2B54 idle  __GETFP
 0000:2BA1       _fopen
 0000:2BDA       _fprintf
 0000:2BFA       _fputs
 0000:2D6A       _fread
 0000:2DBE       _fscanf
 0000:2E6F       _fseek
 0000:2EF1 idle  _ftell
 0000:3092       __fgetc
 0000:30AB       __Nfgetc
 0000:30AE       _fgetc
 0000:31A7 idle  _fgetchar
 0000:31B7       _getenv
 0000:3227       _memcmp
 0000:324F       _memcpy
 0000:3273 idle  _setmem
 0000:3299       _memset
 0000:32BB idle  _movmem
 0000:330D       _memmove
 0000:3367       _open
 0000:34F1       __rtl_open
 0000:3544 idle  __open
 0000:355D idle  _perror
 0000:35EE idle  __fputc
 0000:360E       _fputc
 0000:3799 idle  _fputchar
 0000:37B1       __FPUTN
 0000:39BC       ___read
 0000:3A8B       _setvbuf
 0000:3BF1       _sprintf
 0000:3C17 idle  _vsprintf
 0000:3C3C       _strcat
 0000:3C7B       _strcmp
 0000:3CAB       _strcpy
 0000:3CD4       _stricmp
 0000:3D15       _strlen
 0000:3D36       _strncpy
 0000:3D67       _dostounix
 0000:3D84       _unixtodos
 0000:3DA7       _tzset
 0000:3FA3       __ISDST
 0000:408F       __Nungetc
 0000:4092 idle  _ungetc
 0000:4101       ___write
 0000:4267       __rtl_write
 0000:42A6 idle  __write
 0000:42C2       __xfclose
 0000:4304       __xfflush
 0000:4343       xalloc::xalloc(const string far&,unsigned int)
 0000:43BC       xalloc::raise()
 0000:4550       xmsg::xmsg(const string far&)
 0000:460E       xmsg::xmsg(const xmsg far&)
 0000:46AC       xmsg::~xmsg()
 0000:470C idle  xmsg::raise()
 0000:4783 idle  xmsg::operator =(const xmsg far&)
 0000:48B1 idle  ___JumpToCatch__
 0000:48BD idle  __Set_debugger_callbacks(int,void(far*)(char far*,unsigned long),void(far*)(unsigned long),(far*)(void far*)
 0000:490F idle  typeIDname(tpid far*)
 0000:5739       _ThrowException(void far*,void far*,void far*,void far*,unsigned int,unsigned int,unsigned int,unsigned char)
 0000:5792 idle  _ReThrowException(unsigned int,unsigned char far*)
 0000:58C1 idle  __Global_unwind
 0000:590D idle  _RaiseException
 0000:5ED4       _CatchCleanup()
 0000:64EA idle  __Local_unwind
 0000:650A idle  __Return_unwind
 0000:65C0       __ExceptionHandler
 0000:72F4 idle  __CurrExcContext
 0000:7349 idle  __ThrowFileName()
 0000:735B idle  __ThrowLineNumber()
 0000:7369 idle  __ThrowExceptionName()
 0000:737B idle  Type_info::Type_info(const Type_info far&)
 0000:73E9 idle  Type_info::operator =(const Type_info far&)
 0000:73F8 idle  Type_info::~Type_info()
 0000:742C idle  Type_info::operator ==(const Type_info far&) const
 0000:7452 idle  Type_info::operator !=(const Type_info far&) const
 0000:7473 idle  Type_info::before(const Type_info far&) const
 0000:74EB idle  Type_info::name() const
 0000:7505 idle  __GetTypeInfo(void far*,void far*,void far*,void far*)
 0000:77CE idle  __DynamicCast(void far*,void far*,void far*,void far*,int)
 0000:79BB       _bioskey
 0000:7A27       __VideoInt
 0000:7AB6 idle  __c0crtinit
 0000:7AD7 idle  __crtinit
 0000:7BBC       _gotoxy
 0000:7C09       __REALCVT
 0000:7C0D       __scantod
 0000:7C11       __scanrslt
 0000:7C15       __scanpop
 0000:7D44       _setblock
 080C:000A       _main
 08B5:0008       initmouse()
 08B5:004B       moucur(int)
 08B5:0082       setmoupos(int,int)
 08B5:00B1       moustats(int far*,int far*,int far*)
 08B5:00E6 idle  moucurbox(int,int,int,int)
 08B5:0197 idle  getmoubox(int far*,int far*,int far*,int far*)
 08B5:01D2       mouclearbut()
 08D4:000B idle  GetChoices(const char far*,const char far*,char far*,unsigned int)
 08D4:00AD idle  getfname(int,int,const char far*,const char far*,char far*)
 08D4:0DA0 idle  getstr(int,int,int,char far*)
 08D4:0F23       qwindow(int,int,int,char far*,char far*)
 08D4:0FC7       errorbox(char far*,char far*,unsigned int)
 08D4:1289 idle  vertmenu(int,int,int,int,int)
 08D4:1481 idle  horizmenu(int,int,int,...)
 08D4:17AC       closemenu(int,int,int,int,char far*)
 08D4:17F9       openmenu(int,int,int,int,char far*)
 08D4:187B idle  loadany(char far*,char far*,char far*,unsigned int,char far*,int)
 08D4:1969 idle  GetSaveFile(char far*,char far*,char far*,char far*)
 08D4:1B73 idle  StdCrippleMsg()
 08D4:1B85 idle  saveany(char far*,char far*,char far*,unsigned int,char far*)
 08D4:1B8E idle  delany(const char far*,const char far*,char far*)
 0A9D:0000       _Palette
 0A9E:000A       _clrbox
 0A9E:006A idle  _xchgbox
 0A9E:00D0       _savebox
 0A9E:012B       _restorebox
 0A9E:01A2       _drawbox
 0A9E:02F3 idle  _copypage
 0A9E:032B       _writestr
 0A9E:037A       _writech
 0A9E:03C1       _readch
 0ADC:0007       string::string(const string far&)
 0ADC:00E9       string::string(const char far*)
 0ADC:02F8       string::~string()
 0ADC:0371 idle  string::assert_element(unsigned int) const
 0ADC:041E idle  string::assert_index(unsigned int) const
 0ADC:04CB idle  TSubString::assert_element(unsigned int) const
 0ADC:0575       TStringRef::TStringRef(const char far*,unsigned int,const char far*,unsigned int,unsigned int)
 0ADC:0655       TStringRef::~TStringRef()
 0ADC:06AE idle  TStringRef::reserve(unsigned int)
 0ADC:071B idle  TStringRef::check_freeboard()
 0ADC:0782 idle  TStringRef::grow_to(unsigned int)
 0ADC:07E3 idle  TStringRef::round_capacity(unsigned int)
 0ADC:0820 idle  TStringRef::splice(unsigned int,unsigned int,const char far*,unsigned int)
 0ADC:09DD idle  string::set_case_sensitive(int)
 0ADC:09FA idle  string::set_paranoid_check(int)
 0ADC:0A17 idle  string::skip_whitespace(int)
 0ADC:0A34 idle  string::initial_capacity(unsigned int)
 0ADC:0A51 idle  string::resize_increment(unsigned int)
 0ADC:0A7B idle  string::max_waste(unsigned int)
 0B9B:0000 idle  DATASEG@
 0B9B:003F idle  _AbortMSGLength
 0B9B:0041 idle  _AbortMSG
 0B9B:021C idle  __Int0Vector
 0B9B:0220 idle  __Int4Vector
 0B9B:0224 idle  __Int5Vector
 0B9B:0228 idle  __Int6Vector
 0B9B:022C       __C0argc
 0B9B:022E       __C0argv
 0B9B:0232       __C0environ
 0B9B:0236       __envLng
 0B9B:0238       __envseg
 0B9B:023A       __envSize
 0B9B:023C       __psp
 0B9B:023E idle  __osversion
 0B9B:023E       __osmajor
 0B9B:023E idle  __version
 0B9B:023F idle  __osminor
 0B9B:0240       _errno
 0B9B:0242 idle  __StartTime
 0B9B:0246 idle  ___brklvl
 0B9B:0248       __heapbase
 0B9B:024C       __brklvl
 0B9B:0250       __heaptop
 0B9B:0D0E       _mouinstall
 0B9B:0D10 idle  _MouseMaxy
 0B9B:0D12 idle  _MouseMaxx
 0B9B:0D1C idle  _MXlatx
 0B9B:0D1E idle  _MXlaty
 0B9B:0D24 idle  _curfile
 0B9B:0D43 idle  _windlvl
 0B9B:0D45 idle  _CritVal
 0B9B:0F5E       __atexitcnt
 0B9B:0F60       __exitbuf
 0B9B:0F64       __exitfopen
 0B9B:0F68 idle  __exitopen
 0B9B:0F6C       __streams
 0B9B:10FC       __nfile
 0B9B:10FE       __openfd
 0B9B:1126       __fmode
 0B9B:1128       __notUmask
 0B9B:112A       __doserrno
 0B9B:112C idle  __dosErrorToSV
 0B9B:1190       ___xalloc
 0B9B:1196 idle  __new_handler
 0B9B:122C       __stklen
 0B9B:122E       __ctype
 0B9B:1398 idle  ___CPPexceptionList
 0B9B:139C idle  ___exceptFlags
 0B9B:139E idle  ___savedDS
 0B9B:13A0 idle  ___savedSI
 0B9B:13A2 idle  ___terminatePTR
 0B9B:13A6 idle  ___unexpectdPTR
 0B9B:13AA idle  ___terminate_DS
 0B9B:13AC idle  ___unexpectd_DS
 0B9B:13AE idle  ___throwFileName
 0B9B:13B2 idle  ___throwLineNumber
 0B9B:13B4 idle  ___throwExceptionName
 0B9B:13B8 idle  ___exceptStaticBuffP
 0B9B:13BC idle  ___exceptMemAllocVars
 0B9B:13C0       __8086
 0B9B:13D0 idle  __sys_errlist
 0B9B:1490       __sys_nerr
 0B9B:16A6 idle  __monthDay
 0B9B:16C0 idle  __tzname
 0B9B:16C8       __timezone
 0B9B:16CC       __daylight
 0B9B:16EC       __video
 0B9B:16FB idle  __directvideo
 0B9B:1736 idle  __argc
 0B9B:1738 idle  __argv
 0B9B:1746       __environ
 0B9B:174A idle  string::case_sensitive
 0B9B:174C idle  string::paranoid_check
 0B9B:174E idle  string::skip_white
 0B9B:1750 idle  string::initial_capac
 0B9B:1752 idle  string::resize_inc
 0B9B:1754 idle  string::freeboard
 0B9B:17B0       __RealCvtVector
 0B9B:17B2       __ScanTodVector
 0B9B:17E8 idle  _UserName
 0B9B:183E       __atexittbl
 0B9B:18CC idle  __DestructorCountPtr
 0B9B:18D0       ___exceptionNameBuff
 0B9B:1950 idle  ___ExceptStaticXbuff

Error: Undefined symbol _WorkDir in module windio.c
Error: Undefined symbol findfiles(const char far*,const char far*,char far*,unsigned int,unsigned int far*) in module windio.c
Error: Undefined symbol finddirs(const char far*,const char far*,char far*,unsigned int,unsigned int far*) in module windio.c
Error: Undefined symbol parsefilename(const char far*,char far*,char far*) in module windio.c
Error: Undefined symbol fileext(const char far*) in module windio.c
Program entry point at 0000:0000

