
 Start  Stop   Length Name               Class

 00000H 07A30H 07A31H _TEXT              CODE
 07A31H 08C04H 011D4H UTILITY_TEXT       CODE
 08C06H 08C06H 00000H oldmouse_TEXT      CODE
 08C06H 08DF8H 001F3H MOUSEFN_TEXT       CODE
 08DF9H 0AA7DH 01C85H WINDIO_TEXT        CODE
 0AA7EH 0B03DH 005C0H GENC_TEXT          CODE
 0B03EH 0B056H 00019H gma_TEXT           CODE
 0B058H 0B0ADH 00056H jsticka_TEXT       CODE
 0B0AEH 0B4F4H 00447H JSTICKC_TEXT       CODE
 0B4F5H 0B73AH 00246H FINDFILE_TEXT      CODE
 0B73CH 0BB18H 003DDH scrnrout_TEXT      CODE
 0BB19H 0C6F9H 00BE1H _TEXTC             CODE
 0C700H 0C700H 00000H _FARDATA           FAR_DATA
 0C700H 0C700H 00000H _FARBSS            FAR_BSS
 0C700H 0C700H 00000H _OVERLAY_          OVRINFO
 0C700H 0C700H 00000H _1STUB_            STUBSEG
 0C700H 0DC57H 01558H _DATA              DATA
 0DC58H 0DC59H 00002H _CVTSEG            DATA
 0DC5AH 0DC5FH 00006H _SCNSEG            DATA
 0DC60H 0DC60H 00000H _CONST             CONST
 0DC60H 0DC95H 00036H _INIT_             INITDATA
 0DC96H 0DC96H 00000H _INITEND_          INITDATA
 0DC96H 0DCA1H 0000CH _EXIT_             EXITDATA
 0DCA2H 0DCA2H 00000H _EXITEND_          EXITDATA
 0DCA2H 0EB45H 00EA4H _BSS               BSS
 0EB46H 0EB46H 00000H _BSSEND            BSSEND
 0EB50H 0EBCFH 00080H _STACK             STACK


Detailed map of segments

 0000:0000 02AB C=CODE   S=_TEXT          G=(none)  M=startup.asm ACBP=28
 0000:02AB 003D C=CODE   S=_TEXT          G=(none)  M=_stpcpy.c  ACBP=28
 0000:02E8 0031 C=CODE   S=_TEXT          G=(none)  M=atexit.c   ACBP=28
 0000:0319 0016 C=CODE   S=_TEXT          G=(none)  M=del.cpp    ACBP=28
 0000:032F 0016 C=CODE   S=_TEXT          G=(none)  M=delarray.cpp ACBP=28
 0000:0345 0045 C=CODE   S=_TEXT          G=(none)  M=dosfattr.cas ACBP=28
 0000:038A 00AA C=CODE   S=_TEXT          G=(none)  M=exit.c     ACBP=28
 0000:0434 0000 C=CODE   S=_TEXT          G=(none)  M=files.c    ACBP=28
 0000:0434 0000 C=CODE   S=_TEXT          G=(none)  M=files2.c   ACBP=28
 0000:0434 0000 C=CODE   S=_TEXT          G=(none)  M=fmode.c    ACBP=28
 0000:0434 002E C=CODE   S=_TEXT          G=(none)  M=getdate.c  ACBP=28
 0000:0462 0028 C=CODE   S=_TEXT          G=(none)  M=getvect.cas ACBP=28
 0000:048A 00AE C=CODE   S=_TEXT          G=(none)  M=h_ldiv.asm ACBP=28
 0000:0538 0021 C=CODE   S=_TEXT          G=(none)  M=h_llsh.asm ACBP=28
 0000:0559 0060 C=CODE   S=_TEXT          G=(none)  M=h_padd.asm ACBP=28
 0000:05B9 0052 C=CODE   S=_TEXT          G=(none)  M=ioerror.cas ACBP=28
 0000:060B 0015 C=CODE   S=_TEXT          G=(none)  M=isatty.cas ACBP=28
 0000:0620 00A6 C=CODE   S=_TEXT          G=(none)  M=longtoa.cas ACBP=28
 0000:06C6 002D C=CODE   S=_TEXT          G=(none)  M=lseek.cas  ACBP=28
 0000:06F3 00BC C=CODE   S=_TEXT          G=(none)  M=mkname.c   ACBP=28
 0000:07AF 02D9 C=CODE   S=_TEXT          G=(none)  M=new.cpp    ACBP=28
 0000:0A88 0017 C=CODE   S=_TEXT          G=(none)  M=n_lxmul.asm ACBP=28
 0000:0A9F 0021 C=CODE   S=_TEXT          G=(none)  M=n_pcmp.asm ACBP=28
 0000:0AC0 0032 C=CODE   S=_TEXT          G=(none)  M=reada.cas  ACBP=28
 0000:0AF2 001C C=CODE   S=_TEXT          G=(none)  M=remove.cas ACBP=28
 0000:0B0E 0022 C=CODE   S=_TEXT          G=(none)  M=segread.cas ACBP=28
 0000:0B30 002E C=CODE   S=_TEXT          G=(none)  M=setdate.cas ACBP=28
 0000:0B5E 00A4 C=CODE   S=_TEXT          G=(none)  M=setupio.c  ACBP=28
 0000:0C02 0098 C=CODE   S=_TEXT          G=(none)  M=stime.c    ACBP=28
 0000:0C9A 0000 C=CODE   S=_TEXT          G=(none)  M=ctype.c    ACBP=28
 0000:0C9A 0030 C=CODE   S=_TEXT          G=(none)  M=tolower.c  ACBP=28
 0000:0CCA 0030 C=CODE   S=_TEXT          G=(none)  M=toupper.c  ACBP=28
 0000:0CFA 001C C=CODE   S=_TEXT          G=(none)  M=unlink.cas ACBP=28
 0000:0D16 04DB C=CODE   S=_TEXT          G=(none)  M=vprinter.cas ACBP=28
 0000:11F1 005A C=CODE   S=_TEXT          G=(none)  M=xxa.cpp    ACBP=28
 0000:124B 0258 C=CODE   S=_TEXT          G=(none)  M=xxv.cpp    ACBP=28
 0000:14A3 005C C=CODE   S=_TEXT          G=(none)  M=cputype.asm ACBP=28
 0000:14FF 0432 C=CODE   S=_TEXT          G=(none)  M=farheap.asm ACBP=28
 0000:1931 0160 C=CODE   S=_TEXT          G=(none)  M=fbrk.c     ACBP=28
 0000:1A91 00CF C=CODE   S=_TEXT          G=(none)  M=int86.cas  ACBP=28
 0000:1B60 002D C=CODE   S=_TEXT          G=(none)  M=ioctl.cas  ACBP=28
 0000:1B8D 0334 C=CODE   S=_TEXT          G=(none)  M=_timecvt.c ACBP=28
 0000:1EC1 008A C=CODE   S=_TEXT          G=(none)  M=atol.cas   ACBP=28
 0000:1F4B 0021 C=CODE   S=_TEXT          G=(none)  M=chmoda.cas ACBP=28
 0000:1F6C 002C C=CODE   S=_TEXT          G=(none)  M=close.c    ACBP=28
 0000:1F98 0033 C=CODE   S=_TEXT          G=(none)  M=closea.cas ACBP=28
 0000:1FCB 007D C=CODE   S=_TEXT          G=(none)  M=eof.cas    ACBP=28
 0000:2048 00C0 C=CODE   S=_TEXT          G=(none)  M=fclose.c   ACBP=28
 0000:2108 00D1 C=CODE   S=_TEXT          G=(none)  M=fflush.c   ACBP=28
 0000:21D9 0068 C=CODE   S=_TEXT          G=(none)  M=findfirs.cas ACBP=28
 0000:2241 004C C=CODE   S=_TEXT          G=(none)  M=flushall.c ACBP=28
 0000:228D 022C C=CODE   S=_TEXT          G=(none)  M=fopen.c    ACBP=28
 0000:24B9 0055 C=CODE   S=_TEXT          G=(none)  M=fputs.c    ACBP=28
 0000:250E 016F C=CODE   S=_TEXT          G=(none)  M=fread.c    ACBP=28
 0000:267D 01EC C=CODE   S=_TEXT          G=(none)  M=fseek.c    ACBP=28
 0000:2869 0099 C=CODE   S=_TEXT          G=(none)  M=fwrite.c   ACBP=28
 0000:2902 01E5 C=CODE   S=_TEXT          G=(none)  M=getc.cas   ACBP=28
 0000:2AE7 0070 C=CODE   S=_TEXT          G=(none)  M=getenv.cas ACBP=28
 0000:2B57 0028 C=CODE   S=_TEXT          G=(none)  M=memcmp.cas ACBP=28
 0000:2B7F 0024 C=CODE   S=_TEXT          G=(none)  M=memcpy.cas ACBP=28
 0000:2BA3 0048 C=CODE   S=_TEXT          G=(none)  M=memset.cas ACBP=28
 0000:2BEB 0077 C=CODE   S=_TEXT          G=(none)  M=movmem.cas ACBP=28
 0000:2C62 01BF C=CODE   S=_TEXT          G=(none)  M=open.cas   ACBP=28
 0000:2E21 006C C=CODE   S=_TEXT          G=(none)  M=opena.cas  ACBP=28
 0000:2E8D 0091 C=CODE   S=_TEXT          G=(none)  M=perror.c   ACBP=28
 0000:2F1E 03CE C=CODE   S=_TEXT          G=(none)  M=putc.c     ACBP=28
 0000:32EC 00CF C=CODE   S=_TEXT          G=(none)  M=read.cas   ACBP=28
 0000:33BB 0121 C=CODE   S=_TEXT          G=(none)  M=setvbuf.c  ACBP=28
 0000:34DC 0090 C=CODE   S=_TEXT          G=(none)  M=sprintf.c  ACBP=28
 0000:356C 003F C=CODE   S=_TEXT          G=(none)  M=strcat.cas ACBP=28
 0000:35AB 0030 C=CODE   S=_TEXT          G=(none)  M=strcmp.cas ACBP=28
 0000:35DB 0029 C=CODE   S=_TEXT          G=(none)  M=strcpy.cas ACBP=28
 0000:3604 0041 C=CODE   S=_TEXT          G=(none)  M=stricmp.cas ACBP=28
 0000:3645 0021 C=CODE   S=_TEXT          G=(none)  M=strlen.cas ACBP=28
 0000:3666 0031 C=CODE   S=_TEXT          G=(none)  M=strncpy.cas ACBP=28
 0000:3697 0040 C=CODE   S=_TEXT          G=(none)  M=timecvt.c  ACBP=28
 0000:36D7 02E8 C=CODE   S=_TEXT          G=(none)  M=tzset.cas  ACBP=28
 0000:39BF 0166 C=CODE   S=_TEXT          G=(none)  M=write.c    ACBP=28
 0000:3B25 005B C=CODE   S=_TEXT          G=(none)  M=writea.cas ACBP=28
 0000:3B80 0042 C=CODE   S=_TEXT          G=(none)  M=xfclose.c  ACBP=28
 0000:3BC2 003F C=CODE   S=_TEXT          G=(none)  M=xfflush.c  ACBP=28
 0000:3C01 01E9 C=CODE   S=_TEXT          G=(none)  M=xalloc.cpp ACBP=28
 0000:3DEA 0385 C=CODE   S=_TEXT          G=(none)  M=xmsg.cpp   ACBP=28
 0000:416F 310A C=CODE   S=_TEXT          G=(none)  M=xx.cpp     ACBP=28
 0000:7279 0029 C=CODE   S=_TEXT          G=(none)  M=bioskey.cas ACBP=28
 0000:72A2 01B9 C=CODE   S=_TEXT          G=(none)  M=crtinit.cas ACBP=28
 0000:745B 001F C=CODE   S=_TEXT          G=(none)  M=cvtfak.asm ACBP=28
 0000:747A 00B5 C=CODE   S=_TEXT          G=(none)  M=delay.cas  ACBP=28
 0000:752F 004D C=CODE   S=_TEXT          G=(none)  M=gotoxy.c   ACBP=28
 0000:757C 0004 C=CODE   S=_TEXT          G=(none)  M=realcvt.asm ACBP=28
 0000:7580 012B C=CODE   S=_TEXT          G=(none)  M=setargv.asm ACBP=28
 0000:76AB 0020 C=CODE   S=_TEXT          G=(none)  M=setblock.cas ACBP=28
 0000:76CB 0058 C=CODE   S=_TEXT          G=(none)  M=setenvp.asm ACBP=28
 0000:7723 005A C=CODE   S=_TEXT          G=(none)  M=ctor2.cpp  ACBP=28
 0000:777D 00C3 C=CODE   S=_TEXT          G=(none)  M=ctor3.cpp  ACBP=28
 0000:7840 01F1 C=CODE   S=_TEXT          G=(none)  M=strings.cpp ACBP=28
 07A3:0001 11D4 C=CODE   S=UTILITY_TEXT   G=(none)  M=utility.c  ACBP=28
 08C0:0006 0000 C=CODE   S=oldmouse_TEXT  G=(none)  M=oldmouse.asm ACBP=48
 08C0:0006 01F3 C=CODE   S=MOUSEFN_TEXT   G=(none)  M=oldmouse.asm ACBP=28
 08DF:0009 1C85 C=CODE   S=WINDIO_TEXT    G=(none)  M=windio.c   ACBP=28
 0AA7:000E 05C0 C=CODE   S=GENC_TEXT      G=(none)  M=genc.c     ACBP=28
 0B03:000E 0019 C=CODE   S=gma_TEXT       G=(none)  M=gma.asm    ACBP=48
 0B05:0008 0056 C=CODE   S=jsticka_TEXT   G=(none)  M=jsticka.asm ACBP=48
 0B0A:000E 0447 C=CODE   S=JSTICKC_TEXT   G=(none)  M=jstickc.c  ACBP=28
 0B4F:0005 0246 C=CODE   S=FINDFILE_TEXT  G=(none)  M=findfile.cpp ACBP=28
 0B73:000C 03DD C=CODE   S=scrnrout_TEXT  G=(none)  M=scrnrout.asm ACBP=48
 0BB1:0009 00E2 C=CODE   S=_TEXTC         G=(none)  M=ctor2.cpp  ACBP=28
 0BB1:00EB 020F C=CODE   S=_TEXTC         G=(none)  M=ctor3.cpp  ACBP=28
 0BB1:02FA 08F0 C=CODE   S=_TEXTC         G=(none)  M=strings.cpp ACBP=28
 0C70:0000 0000 C=FAR_DATA S=_FARDATA       G=(none)  M=startup.asm ACBP=68
 0C70:0000 0000 C=FAR_BSS S=_FARBSS        G=(none)  M=startup.asm ACBP=68
 0C70:0000 0000 C=OVRINFO S=_OVERLAY_      G=(none)  M=startup.asm ACBP=68
 0C70:0000 0000 C=STUBSEG S=_1STUB_        G=(none)  M=startup.asm ACBP=68
 0C70:0000 0254 C=DATA   S=_DATA          G=DGROUP  M=startup.asm ACBP=68
 0C70:0254 0862 C=DATA   S=_DATA          G=DGROUP  M=utility.c  ACBP=48
 0C70:0AB6 0013 C=DATA   S=_DATA          G=DGROUP  M=oldmouse.asm ACBP=48
 0C70:0ACA 023A C=DATA   S=_DATA          G=DGROUP  M=windio.c   ACBP=48
 0C70:0D04 005A C=DATA   S=_DATA          G=DGROUP  M=genc.c     ACBP=48
 0C70:0D5E 0000 C=DATA   S=_DATA          G=DGROUP  M=gma.asm    ACBP=48
 0C70:0D5E 0000 C=DATA   S=_DATA          G=DGROUP  M=jsticka.asm ACBP=48
 0C70:0D5E 0025 C=DATA   S=_DATA          G=DGROUP  M=jstickc.c  ACBP=48
 0C70:0D84 0002 C=DATA   S=_DATA          G=DGROUP  M=findfile.cpp ACBP=48
 0C70:0D86 0001 C=DATA   S=_DATA          G=DGROUP  M=scrnrout.asm ACBP=48
 0C70:0D88 0000 C=DATA   S=_DATA          G=DGROUP  M=_stpcpy.c  ACBP=48
 0C70:0D88 0002 C=DATA   S=_DATA          G=DGROUP  M=atexit.c   ACBP=48
 0C70:0D8A 0000 C=DATA   S=_DATA          G=DGROUP  M=del.cpp    ACBP=48
 0C70:0D8A 0000 C=DATA   S=_DATA          G=DGROUP  M=delarray.cpp ACBP=48
 0C70:0D8A 0000 C=DATA   S=_DATA          G=DGROUP  M=dosfattr.cas ACBP=48
 0C70:0D8A 000C C=DATA   S=_DATA          G=DGROUP  M=exit.c     ACBP=48
 0C70:0D96 0190 C=DATA   S=_DATA          G=DGROUP  M=files.c    ACBP=48
 0C70:0F26 002A C=DATA   S=_DATA          G=DGROUP  M=files2.c   ACBP=48
 0C70:0F50 0004 C=DATA   S=_DATA          G=DGROUP  M=fmode.c    ACBP=48
 0C70:0F54 0000 C=DATA   S=_DATA          G=DGROUP  M=getdate.c  ACBP=48
 0C70:0F54 0000 C=DATA   S=_DATA          G=DGROUP  M=getvect.cas ACBP=48
 0C70:0F54 0000 C=DATA   S=_DATA          G=DGROUP  M=h_ldiv.asm ACBP=48
 0C70:0F54 0000 C=DATA   S=_DATA          G=DGROUP  M=h_llsh.asm ACBP=48
 0C70:0F54 0000 C=DATA   S=_DATA          G=DGROUP  M=h_padd.asm ACBP=48
 0C70:0F54 005B C=DATA   S=_DATA          G=DGROUP  M=ioerror.cas ACBP=48
 0C70:0FB0 0000 C=DATA   S=_DATA          G=DGROUP  M=isatty.cas ACBP=48
 0C70:0FB0 0000 C=DATA   S=_DATA          G=DGROUP  M=longtoa.cas ACBP=48
 0C70:0FB0 0000 C=DATA   S=_DATA          G=DGROUP  M=lseek.cas  ACBP=48
 0C70:0FB0 0009 C=DATA   S=_DATA          G=DGROUP  M=mkname.c   ACBP=48
 0C70:0FBA 0018 C=DATA   S=_DATA          G=DGROUP  M=new.cpp    ACBP=48
 0C70:0FD2 0000 C=DATA   S=_DATA          G=DGROUP  M=n_lxmul.asm ACBP=48
 0C70:0FD2 0000 C=DATA   S=_DATA          G=DGROUP  M=n_pcmp.asm ACBP=48
 0C70:0FD2 0000 C=DATA   S=_DATA          G=DGROUP  M=reada.cas  ACBP=48
 0C70:0FD2 0000 C=DATA   S=_DATA          G=DGROUP  M=remove.cas ACBP=48
 0C70:0FD2 0000 C=DATA   S=_DATA          G=DGROUP  M=segread.cas ACBP=48
 0C70:0FD2 0000 C=DATA   S=_DATA          G=DGROUP  M=setdate.cas ACBP=48
 0C70:0FD2 0000 C=DATA   S=_DATA          G=DGROUP  M=setupio.c  ACBP=48
 0C70:0FD2 0000 C=DATA   S=_DATA          G=DGROUP  M=stime.c    ACBP=48
 0C70:0FD2 0101 C=DATA   S=_DATA          G=DGROUP  M=ctype.c    ACBP=48
 0C70:10D4 0000 C=DATA   S=_DATA          G=DGROUP  M=tolower.c  ACBP=48
 0C70:10D4 0000 C=DATA   S=_DATA          G=DGROUP  M=toupper.c  ACBP=48
 0C70:10D4 0000 C=DATA   S=_DATA          G=DGROUP  M=unlink.cas ACBP=48
 0C70:10D4 0067 C=DATA   S=_DATA          G=DGROUP  M=vprinter.cas ACBP=48
 0C70:113C 0000 C=DATA   S=_DATA          G=DGROUP  M=xxa.cpp    ACBP=48
 0C70:113C 0028 C=DATA   S=_DATA          G=DGROUP  M=xxv.cpp    ACBP=48
 0C70:1164 0002 C=DATA   S=_DATA          G=DGROUP  M=cputype.asm ACBP=48
 0C70:1166 0000 C=DATA   S=_DATA          G=DGROUP  M=farheap.asm ACBP=48
 0C70:1166 0002 C=DATA   S=_DATA          G=DGROUP  M=fbrk.c     ACBP=48
 0C70:1168 0000 C=DATA   S=_DATA          G=DGROUP  M=int86.cas  ACBP=48
 0C70:1168 0000 C=DATA   S=_DATA          G=DGROUP  M=ioctl.cas  ACBP=48
 0C70:1168 000C C=DATA   S=_DATA          G=DGROUP  M=_timecvt.c ACBP=48
 0C70:1174 0000 C=DATA   S=_DATA          G=DGROUP  M=atol.cas   ACBP=48
 0C70:1174 0000 C=DATA   S=_DATA          G=DGROUP  M=chmoda.cas ACBP=48
 0C70:1174 0000 C=DATA   S=_DATA          G=DGROUP  M=close.c    ACBP=48
 0C70:1174 0000 C=DATA   S=_DATA          G=DGROUP  M=closea.cas ACBP=48
 0C70:1174 0000 C=DATA   S=_DATA          G=DGROUP  M=eof.cas    ACBP=48
 0C70:1174 0000 C=DATA   S=_DATA          G=DGROUP  M=fclose.c   ACBP=48
 0C70:1174 0000 C=DATA   S=_DATA          G=DGROUP  M=fflush.c   ACBP=48
 0C70:1174 0000 C=DATA   S=_DATA          G=DGROUP  M=findfirs.cas ACBP=48
 0C70:1174 0000 C=DATA   S=_DATA          G=DGROUP  M=flushall.c ACBP=48
 0C70:1174 0000 C=DATA   S=_DATA          G=DGROUP  M=fopen.c    ACBP=48
 0C70:1174 0000 C=DATA   S=_DATA          G=DGROUP  M=fputs.c    ACBP=48
 0C70:1174 0000 C=DATA   S=_DATA          G=DGROUP  M=fread.c    ACBP=48
 0C70:1174 0000 C=DATA   S=_DATA          G=DGROUP  M=fseek.c    ACBP=48
 0C70:1174 0000 C=DATA   S=_DATA          G=DGROUP  M=fwrite.c   ACBP=48
 0C70:1174 0000 C=DATA   S=_DATA          G=DGROUP  M=getc.cas   ACBP=48
 0C70:1174 0000 C=DATA   S=_DATA          G=DGROUP  M=getenv.cas ACBP=48
 0C70:1174 0000 C=DATA   S=_DATA          G=DGROUP  M=memcmp.cas ACBP=48
 0C70:1174 0000 C=DATA   S=_DATA          G=DGROUP  M=memcpy.cas ACBP=48
 0C70:1174 0000 C=DATA   S=_DATA          G=DGROUP  M=memset.cas ACBP=48
 0C70:1174 0000 C=DATA   S=_DATA          G=DGROUP  M=movmem.cas ACBP=48
 0C70:1174 0000 C=DATA   S=_DATA          G=DGROUP  M=open.cas   ACBP=48
 0C70:1174 0000 C=DATA   S=_DATA          G=DGROUP  M=opena.cas  ACBP=48
 0C70:1174 02D0 C=DATA   S=_DATA          G=DGROUP  M=perror.c   ACBP=48
 0C70:1444 0001 C=DATA   S=_DATA          G=DGROUP  M=putc.c     ACBP=48
 0C70:1446 0000 C=DATA   S=_DATA          G=DGROUP  M=read.cas   ACBP=48
 0C70:1446 0004 C=DATA   S=_DATA          G=DGROUP  M=setvbuf.c  ACBP=48
 0C70:144A 0000 C=DATA   S=_DATA          G=DGROUP  M=sprintf.c  ACBP=48
 0C70:144A 0000 C=DATA   S=_DATA          G=DGROUP  M=strcat.cas ACBP=48
 0C70:144A 0000 C=DATA   S=_DATA          G=DGROUP  M=strcmp.cas ACBP=48
 0C70:144A 0000 C=DATA   S=_DATA          G=DGROUP  M=strcpy.cas ACBP=48
 0C70:144A 0000 C=DATA   S=_DATA          G=DGROUP  M=stricmp.cas ACBP=48
 0C70:144A 0000 C=DATA   S=_DATA          G=DGROUP  M=strlen.cas ACBP=48
 0C70:144A 0000 C=DATA   S=_DATA          G=DGROUP  M=strncpy.cas ACBP=48
 0C70:144A 0000 C=DATA   S=_DATA          G=DGROUP  M=timecvt.c  ACBP=48
 0C70:144A 0033 C=DATA   S=_DATA          G=DGROUP  M=tzset.cas  ACBP=48
 0C70:147E 0000 C=DATA   S=_DATA          G=DGROUP  M=write.c    ACBP=48
 0C70:147E 0000 C=DATA   S=_DATA          G=DGROUP  M=writea.cas ACBP=48
 0C70:147E 0000 C=DATA   S=_DATA          G=DGROUP  M=xfclose.c  ACBP=48
 0C70:147E 0000 C=DATA   S=_DATA          G=DGROUP  M=xfflush.c  ACBP=48
 0C70:147E 0000 C=DATA   S=_DATA          G=DGROUP  M=xalloc.cpp ACBP=48
 0C70:147E 0000 C=DATA   S=_DATA          G=DGROUP  M=xmsg.cpp   ACBP=48
 0C70:147E 0012 C=DATA   S=_DATA          G=DGROUP  M=xx.cpp     ACBP=48
 0C70:1490 0000 C=DATA   S=_DATA          G=DGROUP  M=bioskey.cas ACBP=48
 0C70:1490 0018 C=DATA   S=_DATA          G=DGROUP  M=crtinit.cas ACBP=48
 0C70:14A8 0031 C=DATA   S=_DATA          G=DGROUP  M=cvtfak.asm ACBP=48
 0C70:14DA 0004 C=DATA   S=_DATA          G=DGROUP  M=delay.cas  ACBP=48
 0C70:14DE 0000 C=DATA   S=_DATA          G=DGROUP  M=gotoxy.c   ACBP=48
 0C70:14DE 0000 C=DATA   S=_DATA          G=DGROUP  M=realcvt.asm ACBP=48
 0C70:14DE 0010 C=DATA   S=_DATA          G=DGROUP  M=setargv.asm ACBP=48
 0C70:14EE 0000 C=DATA   S=_DATA          G=DGROUP  M=setblock.cas ACBP=48
 0C70:14EE 0004 C=DATA   S=_DATA          G=DGROUP  M=setenvp.asm ACBP=48
 0C70:14F2 0000 C=DATA   S=_DATA          G=DGROUP  M=ctor2.cpp  ACBP=48
 0C70:14F2 0000 C=DATA   S=_DATA          G=DGROUP  M=ctor3.cpp  ACBP=48
 0C70:14F2 0066 C=DATA   S=_DATA          G=DGROUP  M=strings.cpp ACBP=48
 0C70:1558 0000 C=DATA   S=_CVTSEG        G=DGROUP  M=startup.asm ACBP=48
 0C70:1558 0002 C=DATA   S=_CVTSEG        G=DGROUP  M=cvtfak.asm ACBP=48
 0C70:155A 0000 C=DATA   S=_CVTSEG        G=DGROUP  M=realcvt.asm ACBP=48
 0C70:155A 0000 C=DATA   S=_SCNSEG        G=DGROUP  M=startup.asm ACBP=48
 0C70:155A 0006 C=DATA   S=_SCNSEG        G=DGROUP  M=cvtfak.asm ACBP=48
 0C70:1560 0000 C=CONST  S=_CONST         G=DGROUP  M=startup.asm ACBP=48
 0C70:1560 0000 C=INITDATA S=_INIT_         G=DGROUP  M=startup.asm ACBP=48
 0C70:1560 0006 C=INITDATA S=_INIT_         G=DGROUP  M=genc.c     ACBP=48
 0C70:1566 0006 C=INITDATA S=_INIT_         G=DGROUP  M=new.cpp    ACBP=48
 0C70:156C 0006 C=INITDATA S=_INIT_         G=DGROUP  M=setupio.c  ACBP=48
 0C70:1572 0006 C=INITDATA S=_INIT_         G=DGROUP  M=cputype.asm ACBP=48
 0C70:1578 0006 C=INITDATA S=_INIT_         G=DGROUP  M=tzset.cas  ACBP=48
 0C70:157E 0006 C=INITDATA S=_INIT_         G=DGROUP  M=crtinit.cas ACBP=48
 0C70:1584 0006 C=INITDATA S=_INIT_         G=DGROUP  M=delay.cas  ACBP=48
 0C70:158A 0006 C=INITDATA S=_INIT_         G=DGROUP  M=setargv.asm ACBP=48
 0C70:1590 0006 C=INITDATA S=_INIT_         G=DGROUP  M=setenvp.asm ACBP=48
 0C70:1596 0000 C=INITDATA S=_INITEND_      G=DGROUP  M=startup.asm ACBP=28
 0C70:1596 0000 C=EXITDATA S=_EXIT_         G=DGROUP  M=startup.asm ACBP=48
 0C70:1596 0006 C=EXITDATA S=_EXIT_         G=DGROUP  M=genc.c     ACBP=48
 0C70:159C 0006 C=EXITDATA S=_EXIT_         G=DGROUP  M=new.cpp    ACBP=48
 0C70:15A2 0000 C=EXITDATA S=_EXITEND_      G=DGROUP  M=startup.asm ACBP=28
 0C70:15A2 0000 C=BSS    S=_BSS           G=DGROUP  M=startup.asm ACBP=48
 0C70:15A2 0C86 C=BSS    S=_BSS           G=DGROUP  M=utility.c  ACBP=48
 0C70:2228 002C C=BSS    S=_BSS           G=DGROUP  M=windio.c   ACBP=48
 0C70:2254 0033 C=BSS    S=_BSS           G=DGROUP  M=genc.c     ACBP=48
 0C70:2288 0000 C=BSS    S=_BSS           G=DGROUP  M=jstickc.c  ACBP=48
 0C70:2288 0000 C=BSS    S=_BSS           G=DGROUP  M=findfile.cpp ACBP=48
 0C70:2288 0080 C=BSS    S=_BSS           G=DGROUP  M=atexit.c   ACBP=48
 0C70:2308 0000 C=BSS    S=_BSS           G=DGROUP  M=dosfattr.cas ACBP=48
 0C70:2308 0000 C=BSS    S=_BSS           G=DGROUP  M=getvect.cas ACBP=48
 0C70:2308 0000 C=BSS    S=_BSS           G=DGROUP  M=ioerror.cas ACBP=48
 0C70:2308 0000 C=BSS    S=_BSS           G=DGROUP  M=isatty.cas ACBP=48
 0C70:2308 0000 C=BSS    S=_BSS           G=DGROUP  M=longtoa.cas ACBP=48
 0C70:2308 0000 C=BSS    S=_BSS           G=DGROUP  M=lseek.cas  ACBP=48
 0C70:2308 000D C=BSS    S=_BSS           G=DGROUP  M=mkname.c   ACBP=48
 0C70:2316 0000 C=BSS    S=_BSS           G=DGROUP  M=new.cpp    ACBP=48
 0C70:2316 0000 C=BSS    S=_BSS           G=DGROUP  M=reada.cas  ACBP=48
 0C70:2316 0000 C=BSS    S=_BSS           G=DGROUP  M=remove.cas ACBP=48
 0C70:2316 0000 C=BSS    S=_BSS           G=DGROUP  M=segread.cas ACBP=48
 0C70:2316 0000 C=BSS    S=_BSS           G=DGROUP  M=setdate.cas ACBP=48
 0C70:2316 0000 C=BSS    S=_BSS           G=DGROUP  M=setupio.c  ACBP=48
 0C70:2316 0000 C=BSS    S=_BSS           G=DGROUP  M=unlink.cas ACBP=48
 0C70:2316 0000 C=BSS    S=_BSS           G=DGROUP  M=vprinter.cas ACBP=48
 0C70:2316 0000 C=BSS    S=_BSS           G=DGROUP  M=xxa.cpp    ACBP=48
 0C70:2316 0104 C=BSS    S=_BSS           G=DGROUP  M=xxv.cpp    ACBP=48
 0C70:241A 0000 C=BSS    S=_BSS           G=DGROUP  M=int86.cas  ACBP=48
 0C70:241A 0000 C=BSS    S=_BSS           G=DGROUP  M=ioctl.cas  ACBP=48
 0C70:241A 0000 C=BSS    S=_BSS           G=DGROUP  M=atol.cas   ACBP=48
 0C70:241A 0000 C=BSS    S=_BSS           G=DGROUP  M=chmoda.cas ACBP=48
 0C70:241A 0000 C=BSS    S=_BSS           G=DGROUP  M=closea.cas ACBP=48
 0C70:241A 0000 C=BSS    S=_BSS           G=DGROUP  M=eof.cas    ACBP=48
 0C70:241A 0000 C=BSS    S=_BSS           G=DGROUP  M=findfirs.cas ACBP=48
 0C70:241A 0000 C=BSS    S=_BSS           G=DGROUP  M=fwrite.c   ACBP=48
 0C70:241A 0001 C=BSS    S=_BSS           G=DGROUP  M=getc.cas   ACBP=48
 0C70:241C 0000 C=BSS    S=_BSS           G=DGROUP  M=getenv.cas ACBP=48
 0C70:241C 0000 C=BSS    S=_BSS           G=DGROUP  M=memcmp.cas ACBP=48
 0C70:241C 0000 C=BSS    S=_BSS           G=DGROUP  M=memcpy.cas ACBP=48
 0C70:241C 0000 C=BSS    S=_BSS           G=DGROUP  M=memset.cas ACBP=48
 0C70:241C 0000 C=BSS    S=_BSS           G=DGROUP  M=movmem.cas ACBP=48
 0C70:241C 0000 C=BSS    S=_BSS           G=DGROUP  M=open.cas   ACBP=48
 0C70:241C 0000 C=BSS    S=_BSS           G=DGROUP  M=opena.cas  ACBP=48
 0C70:241C 0001 C=BSS    S=_BSS           G=DGROUP  M=putc.c     ACBP=48
 0C70:241E 0000 C=BSS    S=_BSS           G=DGROUP  M=read.cas   ACBP=48
 0C70:241E 0000 C=BSS    S=_BSS           G=DGROUP  M=strcat.cas ACBP=48
 0C70:241E 0000 C=BSS    S=_BSS           G=DGROUP  M=strcmp.cas ACBP=48
 0C70:241E 0000 C=BSS    S=_BSS           G=DGROUP  M=strcpy.cas ACBP=48
 0C70:241E 0000 C=BSS    S=_BSS           G=DGROUP  M=stricmp.cas ACBP=48
 0C70:241E 0000 C=BSS    S=_BSS           G=DGROUP  M=strlen.cas ACBP=48
 0C70:241E 0000 C=BSS    S=_BSS           G=DGROUP  M=strncpy.cas ACBP=48
 0C70:241E 0008 C=BSS    S=_BSS           G=DGROUP  M=tzset.cas  ACBP=48
 0C70:2426 0000 C=BSS    S=_BSS           G=DGROUP  M=writea.cas ACBP=48
 0C70:2426 0020 C=BSS    S=_BSS           G=DGROUP  M=xx.cpp     ACBP=48
 0C70:2446 0000 C=BSS    S=_BSS           G=DGROUP  M=bioskey.cas ACBP=48
 0C70:2446 0000 C=BSS    S=_BSS           G=DGROUP  M=crtinit.cas ACBP=48
 0C70:2446 0000 C=BSS    S=_BSS           G=DGROUP  M=delay.cas  ACBP=48
 0C70:2446 0000 C=BSS    S=_BSS           G=DGROUP  M=setblock.cas ACBP=48
 0C70:2446 0000 C=BSS    S=_BSS           G=DGROUP  M=ctor2.cpp  ACBP=48
 0C70:2446 0000 C=BSS    S=_BSS           G=DGROUP  M=ctor3.cpp  ACBP=48
 0C70:2446 0000 C=BSS    S=_BSS           G=DGROUP  M=strings.cpp ACBP=48
 0C70:2446 0000 C=BSSEND S=_BSSEND        G=DGROUP  M=startup.asm ACBP=28
 0EB5:0000 0080 C=STACK  S=_STACK         G=(none)  M=startup.asm ACBP=74

  Address         Publics by Name

 0000:0319       operator delete(void far*)
 0000:032F       operator ...
 0000:085E       operator new(unsigned int)
 08DF:17AA       closemenu(int,int,int,int,char far*)
 0AA7:0020 idle  ConfigData::ConfigData()
 0AA7:00DF idle  ConfigData::~ConfigData()
 08DF:1B8C idle  delany(const char far*,const char far*,char far*)
 0AA7:03E9       DisplayHelpFile(char far*)
 08DF:0FC5       errorbox(char far*,char far*,unsigned int)
 0AA7:023A       FileExt(const char far*)
 0B4F:0005       FindDirs(const char far*,const char far*,char far*,unsigned int,unsigned int far*)
 0B4F:0145       FindFiles(const char far*,const char far*,char far*,unsigned int,unsigned int far*)
 08DF:0009 idle  GetChoices(const char far*,const char far*,char far*,unsigned int)
 08DF:00AB       getfname(int,int,const char far*,const char far*,char far*)
 0B0A:000E       GetJoyPos(char far*,int far*,ConfigStruct far*)
 0AA7:000E idle  GetKey(char)
 08C0:0195 idle  getmoubox(int far*,int far*,int far*,int far*)
 08DF:1967 idle  GetSaveFile(char far*,char far*,char far*,char far*)
 0AA7:03B0 idle  GetScrn(char far*)
 08DF:0D9E idle  getstr(int,int,int,char far*)
 0AA7:04F8 idle  GraphMode()
 08DF:147F       horizmenu(int,int,int,...)
 0B0A:03EB idle  InitJStick()
 08C0:0006       initmouse()
 0B0A:0426       joyclearbuts()
 08DF:1879 idle  loadany(char far*,char far*,char far*,unsigned int,char far*,int)
 0B0A:02ED       LoadConfigData(ConfigStruct far*)
 0AA7:051F idle  loadspecany(const char far*,const char far*,const char far*,unsigned int,char far*)
 0AA7:0259 idle  MakeFileName(char far*,const char far*,const char far*,const char far*)
 08C0:01D0       mouclearbut()
 08C0:0049       moucur(int)
 08C0:00E4 idle  moucurbox(int,int,int,int)
 08C0:00AF       moustats(int far*,int far*,int far*)
 07A3:02CB idle  NewCritError()
 08DF:17F7       openmenu(int,int,int,int,char far*)
 0AA7:0322       ParseFile(const char far*,char far*,char far*)
 0AA7:0285       ParseFileName(const char far*,char far*,char far*)
 0AA7:019A idle  PauseTimeKey(unsigned int)
 08DF:0F21       qwindow(int,int,int,char far*,char far*)
 0AA7:03CA idle  RestoreScrn(char far*)
 08DF:1B83 idle  saveany(char far*,char far*,char far*,unsigned int,char far*)
 0B0A:034C       SaveConfigData(ConfigStruct far*)
 08C0:0080       setmoupos(int,int)
 0AA7:0497       SetTextColors()
 0000:0830       set_new_handler(void(far*)())
 0000:1255 idle  set_terminate(void(far*)())
 0000:1335 idle  set_unexpected(void(far*)())
 08DF:1B71       StdCrippleMsg()
 0BB1:0009       string::string(const string far&)
 0BB1:00EB       string::string(const char far*)
 0BB1:02FA       string::~string()
 0BB1:0373 idle  string::assert_element(unsigned int) const
 0BB1:0420 idle  string::assert_index(unsigned int) const
 0C70:14F2 idle  string::case_sensitive
 0C70:14FC idle  string::freeboard
 0C70:14F8 idle  string::initial_capac
 0BB1:0A36 idle  string::initial_capacity(unsigned int)
 0BB1:0A7D idle  string::max_waste(unsigned int)
 0C70:14F4 idle  string::paranoid_check
 0C70:14FA idle  string::resize_inc
 0BB1:0A53 idle  string::resize_increment(unsigned int)
 0BB1:09DF idle  string::set_case_sensitive(int)
 0BB1:09FC idle  string::set_paranoid_check(int)
 0C70:14F6 idle  string::skip_white
 0BB1:0A19 idle  string::skip_whitespace(int)
 0AA7:058E idle  swap(int far*,int far*)
 0000:124B idle  terminate()
 0AA7:046B idle  TextMode()
 0BB1:0577       TStringRef::TStringRef(const char far*,unsigned int,const char far*,unsigned int,unsigned int)
 0BB1:0657       TStringRef::~TStringRef()
 0BB1:071D idle  TStringRef::check_freeboard()
 0BB1:0784 idle  TStringRef::grow_to(unsigned int)
 0BB1:06B0 idle  TStringRef::reserve(unsigned int)
 0BB1:07E5 idle  TStringRef::round_capacity(unsigned int)
 0BB1:0822 idle  TStringRef::splice(unsigned int,unsigned int,const char far*,unsigned int)
 0BB1:04CD idle  TSubString::assert_element(unsigned int) const
 0000:41CD idle  typeIDname(tpid far*)
 0000:6CA7 idle  Type_info::operator =(const Type_info far&)
 0000:6C39 idle  Type_info::Type_info(const Type_info far&)
 0000:6CB6 idle  Type_info::~Type_info()
 0000:6CEA idle  Type_info::operator ==(const Type_info far&) const
 0000:6D10 idle  Type_info::operator !=(const Type_info far&) const
 0000:6D31 idle  Type_info::before(const Type_info far&) const
 0000:6DA9 idle  Type_info::name() const
 0000:132C idle  unexpected()
 08DF:1287       vertmenu(int,int,int,int,int)
 0000:3C01       xalloc::xalloc(const string far&,unsigned int)
 0000:3C7A       xalloc::raise()
 0000:4041 idle  xmsg::operator =(const xmsg far&)
 0000:3ECC       xmsg::xmsg(const xmsg far&)
 0000:3E0E       xmsg::xmsg(const string far&)
 0000:3F6A       xmsg::~xmsg()
 0000:3FCA idle  xmsg::raise()
 0000:07CB idle  xnew_handler()
 0000:5792       _CatchCleanup()
 0000:5050 idle  _ReThrowException(unsigned int,unsigned char far*)
 0000:4FF7       _ThrowException(void far*,void far*,void far*,void far*,unsigned int,unsigned int,unsigned int,unsigned char)
 0000:708C idle  __DynamicCast(void far*,void far*,void far*,void far*,int)
 0000:13BA idle  __GetPolymorphicDTC(void far*,unsigned int)
 0000:140E idle  __GetPolymorphicDTCfar(void far*,unsigned int)
 0000:6DC3 idle  __GetTypeInfo(void far*,void far*,void far*,void far*)
 0000:417B idle  __Set_debugger_callbacks(int,void(far*)(char far*,unsigned long),void(far*)(unsigned long),(far*)(void far*)
 0000:6C27 idle  __ThrowExceptionName()
 0000:6C07 idle  __ThrowFileName()
 0000:6C19 idle  __ThrowLineNumber()
 0C70:0000 idle  DATASEG@
 0000:02A7 idle  DGROUP@
 0000:0290 idle  ErrAbort
 0000:048D idle  F_LDIV@
 0000:049C idle  F_LMOD@
 0000:0494 idle  F_LUDIV@
 0000:04A4 idle  F_LUMOD@
 0000:053B idle  F_LXLSH@
 0000:055C idle  F_PADD@
 0000:058B idle  F_PSUB@
 0000:048D idle  LDIV@
 0000:049C idle  LMOD@
 0000:0494 idle  LUDIV@
 0000:04A4 idle  LUMOD@
 0000:053B idle  LXLSH@
 0000:048A       N_LDIV@
 0000:0499       N_LMOD@
 0000:0491       N_LUDIV@
 0000:04A1 idle  N_LUMOD@
 0000:0538       N_LXLSH@
 0000:0A88       N_LXMUL@
 0000:0559       N_PADD@
 0000:0A9F       N_PCMP@
 0000:0588 idle  N_PSUB@
 0000:055C idle  PADD@
 0000:058B idle  PSUB@
 0000:0278       _abort
 0C70:0041 idle  _AbortMSG
 0C70:003F idle  _AbortMSGLength
 0000:02E8 idle  _atexit
 0000:1F36 idle  _atoi
 0000:1EC1       _atol
 0000:7279       _bioskey
 0000:1F6C       _close
 0B73:000C       _clrbox
 0B73:02F5 idle  _copypage
 0C70:0AED       _CritVal
 0C70:15A6 idle  _cs
 0C70:0ACC idle  _curfile
 0C70:0D06 idle  _CurMode
 0000:74CE       _delay
 0000:3697       _dostounix
 0B73:01A4       _drawbox
 0000:1FCB       _eof
 0C70:0240       _errno
 0000:03E9       _exit
 0000:163F       _farfree
 0000:1753       _farmalloc
 0000:18B7 idle  _farrealloc
 0000:2048       _fclose
 0000:2108       _fflush
 0000:29DE       _fgetc
 0000:2AD7 idle  _fgetchar
 0C70:028E idle  _FileName
 0000:21D9       _findfirst
 0000:2210       _findnext
 0000:2241       _flushall
 0000:2480       _fopen
 0000:2F3E idle  _fputc
 0000:30C9 idle  _fputchar
 0000:24B9       _fputs
 0000:2629       _fread
 0000:163F       _free
 0000:2706       _fseek
 0C70:0287 idle  _Fspec
 0000:2788 idle  _ftell
 0000:2869       _fwrite
 0000:0434       _getdate
 0000:2AE7       _getenv
 0000:044B       _gettime
 0000:0462       _getvect
 0000:752F       _gotoxy
 0000:1A91       _int86
 0000:1AC6 idle  _int86x
 0000:1B60       _ioctl
 0000:060B       _isatty
 0C70:0D5E idle  _joyinstall
 0000:06C6       _lseek
 07A3:0001       _main
 0000:1749       _malloc
 0000:2B57       _memcmp
 0000:2B7F       _memcpy
 0000:2C3D       _memmove
 0000:2BC9       _memset
 0C70:0AB6       _mouinstall
 0C70:0ABA idle  _MouseMaxx
 0C70:0AB8 idle  _MouseMaxy
 0000:2BEB idle  _movmem
 0C70:0AC4 idle  _MXlatx
 0C70:0AC6 idle  _MXlaty
 0000:2C97       _open
 0B03:000E       _Palette
 0C70:0254 idle  _PathToSave
 0000:2E8D idle  _perror
 0000:51CB idle  _RaiseException
 0B73:03C3       _readch
 0B05:0008       _ReadJoyStick
 0000:18B0       _realloc
 0000:0AF2       _remove
 0B73:012D       _restorebox
 0C70:0D3B idle  _RestorePal
 0B73:00D2       _savebox
 0C70:0D04 idle  _scrn
 0000:0B0E       _segread
 0000:76AB       _setblock
 0000:0B30       _setdate
 0000:2BA3 idle  _setmem
 0000:0B47       _settime
 0000:33BB       _setvbuf
 0000:0475       _setvect
 0000:3521       _sprintf
 0000:0C02 idle  _stime
 0000:356C       _strcat
 0000:35AB       _strcmp
 0000:35DB       _strcpy
 0000:3604       _stricmp
 0000:3645       _strlen
 0000:3666       _strncpy
 0000:0C42       _time
 0000:0C9A       _tolower
 0000:0CCA       _toupper
 0000:36D7       _tzset
 0000:36B4       _unixtodos
 0000:0CFA       _unlink
 0000:3547 idle  _vsprintf
 0C70:1F6B idle  _wind
 0C70:0AEB idle  _windlvl
 0C70:0D08       _WorkDir
 0B73:037C       _writech
 0B73:032D       _writestr
 0B73:006C idle  _xchgbox
 0C70:1164       __8086
 0000:1000 idle  __AHINCR
 0000:000C idle  __AHSHIFT
 0C70:14DE idle  __argc
 0C70:14E0 idle  __argv
 0C70:0D88       __atexitcnt
 0C70:2288       __atexittbl
 0000:19BF       __brk
 0C70:024C       __brklvl
 0C70:022C       __C0argc
 0C70:022E       __C0argv
 0000:7374 idle  __c0crtinit
 0C70:0232       __C0environ
 0000:0412 idle  __cexit
 0000:0196       __checknull
 0000:0183       __cleanup
 0000:1FBA       __close
 0000:7395 idle  __crtinit
 0C70:0FD2       __ctype
 0000:6BB2 idle  __CurrExcContext
 0000:0000  Abs  __cvtfak
 0000:0424 idle  __c_exit
 0C70:1470       __daylight
 0C70:2316 idle  __DestructorCountPtr
 0C70:149F idle  __directvideo
 0C70:0F54       __doserrno
 0000:05F7       __DOSERROR
 0C70:0F56 idle  __dosErrorToSV
 0000:1B8D       __dostounix
 0000:0345       __dos_getfileattr
 0000:0369 idle  __dos_setfileattr
 0C70:14EE       __environ
 0C70:0236       __envLng
 0C70:0238       __envseg
 0C70:023A       __envSize
 0000:1466 idle  __ExceptInit
 0000:5E7E       __ExceptionHandler
 0000:03FC       __exit
 0C70:0D8A       __exitbuf
 0C70:0D8E       __exitfopen
 0C70:0D92 idle  __exitopen
 0000:29C2       __fgetc
 0C70:0F50       __fmode
 0000:2F1E idle  __fputc
 0000:30E1       __FPUTN
 0000:2433 idle  __GETFP
 0000:517F idle  __Global_unwind
 0C70:0248       __heapbase
 0C70:0250       __heaptop
 0C70:021C idle  __Int0Vector
 0C70:0220 idle  __Int4Vector
 0C70:0224 idle  __Int5Vector
 0C70:0228 idle  __Int6Vector
 0000:05B9       __IOERROR
 0000:38D3       __ISDST
 0000:5DA8 idle  __Local_unwind
 0000:0620       __LONGTOA
 0000:06F3       __MKNAME
 0000:02A9 idle  __MMODEL
 0C70:144A idle  __monthDay
 0C70:0FC0 idle  __new_handler
 0000:29DB idle  __Nfgetc
 0C70:0F26       __nfile
 0C70:0F52       __notUmask
 0000:2E74 idle  __open
 0C70:0F28       __openfd
 0000:2361 idle  __OPENFP
 0C70:023E       __osmajor
 0C70:023F idle  __osminor
 0C70:023E idle  __osversion
 0C70:023C       __psp
 0000:0AC0       __read
 0000:757C       __REALCVT
 0C70:1558       __RealCvtVector
 0000:01EC       __restorezero
 0000:5DC8 idle  __Return_unwind
 0000:1F4B       __rtl_chmod
 0000:1F98       __rtl_close
 0000:2E21       __rtl_open
 0000:3B25       __rtl_write
 0000:1A02       __sbrk
 0C70:155A idle  __ScanTodVector
 0000:0000  Abs  __setargv__
 0000:0000 idle  __setenvp__
 0000:0B5E       __setupio
 0C70:0242 idle  __StartTime
 0C70:02C1       __stklen
 0000:02AB       __stpcpy
 0C70:0D96       __streams
 0C70:1174 idle  __sys_errlist
 0C70:1234       __sys_nerr
 0000:0197       __terminate
 0C70:146C       __timezone
 0000:0754 idle  __TMPNAM
 0000:0000 idle  __turboCrt
 0C70:1464 idle  __tzname
 0000:1CBA       __unixtodos
 0000:06A2       __UTOA
 0C70:023E idle  __version
 0C70:1490       __video
 0000:72E5       __VideoInt
 0000:0D2E       __VPRINTER
 0000:3B64 idle  __write
 0000:3B80       __xfclose
 0000:3BC2       __xfflush
 0C70:0246 idle  ___brklvl
 0000:12C2       ___call_terminate
 0000:1378       ___call_unexpected
 0C70:113C idle  ___CPPexceptionList
 0C70:1140 idle  ___exceptFlags
 0C70:231A       ___exceptionNameBuff
 0C70:1160 idle  ___exceptMemAllocVars
 0C70:115C idle  ___exceptStaticBuffP
 0C70:239A idle  ___ExceptStaticXbuff
 0000:14FF idle  ___first
 0000:11F1       ___InitExceptBlock
 0000:416F idle  ___JumpToCatch__
 0000:1501 idle  ___last
 0000:32EC       ___read
 0000:1503 idle  ___rover
 0C70:1142 idle  ___savedDS
 0C70:1144 idle  ___savedSI
 0C70:1146 idle  ___terminatePTR
 0C70:114E idle  ___terminate_DS
 0C70:1158 idle  ___throwExceptionName
 0C70:1152 idle  ___throwFileName
 0C70:1156 idle  ___throwLineNumber
 0C70:114A idle  ___unexpectdPTR
 0C70:1150 idle  ___unexpectd_DS
 0000:39BF       ___write
 0C70:0FBA       ___xalloc

  Address         Publics by Value

 0000:0000  Abs  __setargv__
 0000:0000 idle  __turboCrt
 0000:0000  Abs  __cvtfak
 0000:0000 idle  __setenvp__
 0000:000C idle  __AHSHIFT
 0000:0183       __cleanup
 0000:0196       __checknull
 0000:0197       __terminate
 0000:01EC       __restorezero
 0000:0278       _abort
 0000:0290 idle  ErrAbort
 0000:02A7 idle  DGROUP@
 0000:02A9 idle  __MMODEL
 0000:02AB       __stpcpy
 0000:02E8 idle  _atexit
 0000:0319       operator delete(void far*)
 0000:032F       operator ...
 0000:0345       __dos_getfileattr
 0000:0369 idle  __dos_setfileattr
 0000:03E9       _exit
 0000:03FC       __exit
 0000:0412 idle  __cexit
 0000:0424 idle  __c_exit
 0000:0434       _getdate
 0000:044B       _gettime
 0000:0462       _getvect
 0000:0475       _setvect
 0000:048A       N_LDIV@
 0000:048D idle  LDIV@
 0000:048D idle  F_LDIV@
 0000:0491       N_LUDIV@
 0000:0494 idle  F_LUDIV@
 0000:0494 idle  LUDIV@
 0000:0499       N_LMOD@
 0000:049C idle  F_LMOD@
 0000:049C idle  LMOD@
 0000:04A1 idle  N_LUMOD@
 0000:04A4 idle  LUMOD@
 0000:04A4 idle  F_LUMOD@
 0000:0538       N_LXLSH@
 0000:053B idle  LXLSH@
 0000:053B idle  F_LXLSH@
 0000:0559       N_PADD@
 0000:055C idle  F_PADD@
 0000:055C idle  PADD@
 0000:0588 idle  N_PSUB@
 0000:058B idle  F_PSUB@
 0000:058B idle  PSUB@
 0000:05B9       __IOERROR
 0000:05F7       __DOSERROR
 0000:060B       _isatty
 0000:0620       __LONGTOA
 0000:06A2       __UTOA
 0000:06C6       _lseek
 0000:06F3       __MKNAME
 0000:0754 idle  __TMPNAM
 0000:07CB idle  xnew_handler()
 0000:0830       set_new_handler(void(far*)())
 0000:085E       operator new(unsigned int)
 0000:0A88       N_LXMUL@
 0000:0A9F       N_PCMP@
 0000:0AC0       __read
 0000:0AF2       _remove
 0000:0B0E       _segread
 0000:0B30       _setdate
 0000:0B47       _settime
 0000:0B5E       __setupio
 0000:0C02 idle  _stime
 0000:0C42       _time
 0000:0C9A       _tolower
 0000:0CCA       _toupper
 0000:0CFA       _unlink
 0000:0D2E       __VPRINTER
 0000:1000 idle  __AHINCR
 0000:11F1       ___InitExceptBlock
 0000:124B idle  terminate()
 0000:1255 idle  set_terminate(void(far*)())
 0000:12C2       ___call_terminate
 0000:132C idle  unexpected()
 0000:1335 idle  set_unexpected(void(far*)())
 0000:1378       ___call_unexpected
 0000:13BA idle  __GetPolymorphicDTC(void far*,unsigned int)
 0000:140E idle  __GetPolymorphicDTCfar(void far*,unsigned int)
 0000:1466 idle  __ExceptInit
 0000:14FF idle  ___first
 0000:1501 idle  ___last
 0000:1503 idle  ___rover
 0000:163F       _farfree
 0000:163F       _free
 0000:1749       _malloc
 0000:1753       _farmalloc
 0000:18B0       _realloc
 0000:18B7 idle  _farrealloc
 0000:19BF       __brk
 0000:1A02       __sbrk
 0000:1A91       _int86
 0000:1AC6 idle  _int86x
 0000:1B60       _ioctl
 0000:1B8D       __dostounix
 0000:1CBA       __unixtodos
 0000:1EC1       _atol
 0000:1F36 idle  _atoi
 0000:1F4B       __rtl_chmod
 0000:1F6C       _close
 0000:1F98       __rtl_close
 0000:1FBA       __close
 0000:1FCB       _eof
 0000:2048       _fclose
 0000:2108       _fflush
 0000:21D9       _findfirst
 0000:2210       _findnext
 0000:2241       _flushall
 0000:2361 idle  __OPENFP
 0000:2433 idle  __GETFP
 0000:2480       _fopen
 0000:24B9       _fputs
 0000:2629       _fread
 0000:2706       _fseek
 0000:2788 idle  _ftell
 0000:2869       _fwrite
 0000:29C2       __fgetc
 0000:29DB idle  __Nfgetc
 0000:29DE       _fgetc
 0000:2AD7 idle  _fgetchar
 0000:2AE7       _getenv
 0000:2B57       _memcmp
 0000:2B7F       _memcpy
 0000:2BA3 idle  _setmem
 0000:2BC9       _memset
 0000:2BEB idle  _movmem
 0000:2C3D       _memmove
 0000:2C97       _open
 0000:2E21       __rtl_open
 0000:2E74 idle  __open
 0000:2E8D idle  _perror
 0000:2F1E idle  __fputc
 0000:2F3E idle  _fputc
 0000:30C9 idle  _fputchar
 0000:30E1       __FPUTN
 0000:32EC       ___read
 0000:33BB       _setvbuf
 0000:3521       _sprintf
 0000:3547 idle  _vsprintf
 0000:356C       _strcat
 0000:35AB       _strcmp
 0000:35DB       _strcpy
 0000:3604       _stricmp
 0000:3645       _strlen
 0000:3666       _strncpy
 0000:3697       _dostounix
 0000:36B4       _unixtodos
 0000:36D7       _tzset
 0000:38D3       __ISDST
 0000:39BF       ___write
 0000:3B25       __rtl_write
 0000:3B64 idle  __write
 0000:3B80       __xfclose
 0000:3BC2       __xfflush
 0000:3C01       xalloc::xalloc(const string far&,unsigned int)
 0000:3C7A       xalloc::raise()
 0000:3E0E       xmsg::xmsg(const string far&)
 0000:3ECC       xmsg::xmsg(const xmsg far&)
 0000:3F6A       xmsg::~xmsg()
 0000:3FCA idle  xmsg::raise()
 0000:4041 idle  xmsg::operator =(const xmsg far&)
 0000:416F idle  ___JumpToCatch__
 0000:417B idle  __Set_debugger_callbacks(int,void(far*)(char far*,unsigned long),void(far*)(unsigned long),(far*)(void far*)
 0000:41CD idle  typeIDname(tpid far*)
 0000:4FF7       _ThrowException(void far*,void far*,void far*,void far*,unsigned int,unsigned int,unsigned int,unsigned char)
 0000:5050 idle  _ReThrowException(unsigned int,unsigned char far*)
 0000:517F idle  __Global_unwind
 0000:51CB idle  _RaiseException
 0000:5792       _CatchCleanup()
 0000:5DA8 idle  __Local_unwind
 0000:5DC8 idle  __Return_unwind
 0000:5E7E       __ExceptionHandler
 0000:6BB2 idle  __CurrExcContext
 0000:6C07 idle  __ThrowFileName()
 0000:6C19 idle  __ThrowLineNumber()
 0000:6C27 idle  __ThrowExceptionName()
 0000:6C39 idle  Type_info::Type_info(const Type_info far&)
 0000:6CA7 idle  Type_info::operator =(const Type_info far&)
 0000:6CB6 idle  Type_info::~Type_info()
 0000:6CEA idle  Type_info::operator ==(const Type_info far&) const
 0000:6D10 idle  Type_info::operator !=(const Type_info far&) const
 0000:6D31 idle  Type_info::before(const Type_info far&) const
 0000:6DA9 idle  Type_info::name() const
 0000:6DC3 idle  __GetTypeInfo(void far*,void far*,void far*,void far*)
 0000:708C idle  __DynamicCast(void far*,void far*,void far*,void far*,int)
 0000:7279       _bioskey
 0000:72E5       __VideoInt
 0000:7374 idle  __c0crtinit
 0000:7395 idle  __crtinit
 0000:74CE       _delay
 0000:752F       _gotoxy
 0000:757C       __REALCVT
 0000:76AB       _setblock
 07A3:0001       _main
 07A3:02CB idle  NewCritError()
 08C0:0006       initmouse()
 08C0:0049       moucur(int)
 08C0:0080       setmoupos(int,int)
 08C0:00AF       moustats(int far*,int far*,int far*)
 08C0:00E4 idle  moucurbox(int,int,int,int)
 08C0:0195 idle  getmoubox(int far*,int far*,int far*,int far*)
 08C0:01D0       mouclearbut()
 08DF:0009 idle  GetChoices(const char far*,const char far*,char far*,unsigned int)
 08DF:00AB       getfname(int,int,const char far*,const char far*,char far*)
 08DF:0D9E idle  getstr(int,int,int,char far*)
 08DF:0F21       qwindow(int,int,int,char far*,char far*)
 08DF:0FC5       errorbox(char far*,char far*,unsigned int)
 08DF:1287       vertmenu(int,int,int,int,int)
 08DF:147F       horizmenu(int,int,int,...)
 08DF:17AA       closemenu(int,int,int,int,char far*)
 08DF:17F7       openmenu(int,int,int,int,char far*)
 08DF:1879 idle  loadany(char far*,char far*,char far*,unsigned int,char far*,int)
 08DF:1967 idle  GetSaveFile(char far*,char far*,char far*,char far*)
 08DF:1B71       StdCrippleMsg()
 08DF:1B83 idle  saveany(char far*,char far*,char far*,unsigned int,char far*)
 08DF:1B8C idle  delany(const char far*,const char far*,char far*)
 0AA7:000E idle  GetKey(char)
 0AA7:0020 idle  ConfigData::ConfigData()
 0AA7:00DF idle  ConfigData::~ConfigData()
 0AA7:019A idle  PauseTimeKey(unsigned int)
 0AA7:023A       FileExt(const char far*)
 0AA7:0259 idle  MakeFileName(char far*,const char far*,const char far*,const char far*)
 0AA7:0285       ParseFileName(const char far*,char far*,char far*)
 0AA7:0322       ParseFile(const char far*,char far*,char far*)
 0AA7:03B0 idle  GetScrn(char far*)
 0AA7:03CA idle  RestoreScrn(char far*)
 0AA7:03E9       DisplayHelpFile(char far*)
 0AA7:046B idle  TextMode()
 0AA7:0497       SetTextColors()
 0AA7:04F8 idle  GraphMode()
 0AA7:051F idle  loadspecany(const char far*,const char far*,const char far*,unsigned int,char far*)
 0AA7:058E idle  swap(int far*,int far*)
 0B03:000E       _Palette
 0B05:0008       _ReadJoyStick
 0B0A:000E       GetJoyPos(char far*,int far*,ConfigStruct far*)
 0B0A:02ED       LoadConfigData(ConfigStruct far*)
 0B0A:034C       SaveConfigData(ConfigStruct far*)
 0B0A:03EB idle  InitJStick()
 0B0A:0426       joyclearbuts()
 0B4F:0005       FindDirs(const char far*,const char far*,char far*,unsigned int,unsigned int far*)
 0B4F:0145       FindFiles(const char far*,const char far*,char far*,unsigned int,unsigned int far*)
 0B73:000C       _clrbox
 0B73:006C idle  _xchgbox
 0B73:00D2       _savebox
 0B73:012D       _restorebox
 0B73:01A4       _drawbox
 0B73:02F5 idle  _copypage
 0B73:032D       _writestr
 0B73:037C       _writech
 0B73:03C3       _readch
 0BB1:0009       string::string(const string far&)
 0BB1:00EB       string::string(const char far*)
 0BB1:02FA       string::~string()
 0BB1:0373 idle  string::assert_element(unsigned int) const
 0BB1:0420 idle  string::assert_index(unsigned int) const
 0BB1:04CD idle  TSubString::assert_element(unsigned int) const
 0BB1:0577       TStringRef::TStringRef(const char far*,unsigned int,const char far*,unsigned int,unsigned int)
 0BB1:0657       TStringRef::~TStringRef()
 0BB1:06B0 idle  TStringRef::reserve(unsigned int)
 0BB1:071D idle  TStringRef::check_freeboard()
 0BB1:0784 idle  TStringRef::grow_to(unsigned int)
 0BB1:07E5 idle  TStringRef::round_capacity(unsigned int)
 0BB1:0822 idle  TStringRef::splice(unsigned int,unsigned int,const char far*,unsigned int)
 0BB1:09DF idle  string::set_case_sensitive(int)
 0BB1:09FC idle  string::set_paranoid_check(int)
 0BB1:0A19 idle  string::skip_whitespace(int)
 0BB1:0A36 idle  string::initial_capacity(unsigned int)
 0BB1:0A53 idle  string::resize_increment(unsigned int)
 0BB1:0A7D idle  string::max_waste(unsigned int)
 0C70:0000 idle  DATASEG@
 0C70:003F idle  _AbortMSGLength
 0C70:0041 idle  _AbortMSG
 0C70:021C idle  __Int0Vector
 0C70:0220 idle  __Int4Vector
 0C70:0224 idle  __Int5Vector
 0C70:0228 idle  __Int6Vector
 0C70:022C       __C0argc
 0C70:022E       __C0argv
 0C70:0232       __C0environ
 0C70:0236       __envLng
 0C70:0238       __envseg
 0C70:023A       __envSize
 0C70:023C       __psp
 0C70:023E idle  __osversion
 0C70:023E       __osmajor
 0C70:023E idle  __version
 0C70:023F idle  __osminor
 0C70:0240       _errno
 0C70:0242 idle  __StartTime
 0C70:0246 idle  ___brklvl
 0C70:0248       __heapbase
 0C70:024C       __brklvl
 0C70:0250       __heaptop
 0C70:0254 idle  _PathToSave
 0C70:0287 idle  _Fspec
 0C70:028E idle  _FileName
 0C70:02C1       __stklen
 0C70:0AB6       _mouinstall
 0C70:0AB8 idle  _MouseMaxy
 0C70:0ABA idle  _MouseMaxx
 0C70:0AC4 idle  _MXlatx
 0C70:0AC6 idle  _MXlaty
 0C70:0ACC idle  _curfile
 0C70:0AEB idle  _windlvl
 0C70:0AED       _CritVal
 0C70:0D04 idle  _scrn
 0C70:0D06 idle  _CurMode
 0C70:0D08       _WorkDir
 0C70:0D3B idle  _RestorePal
 0C70:0D5E idle  _joyinstall
 0C70:0D88       __atexitcnt
 0C70:0D8A       __exitbuf
 0C70:0D8E       __exitfopen
 0C70:0D92 idle  __exitopen
 0C70:0D96       __streams
 0C70:0F26       __nfile
 0C70:0F28       __openfd
 0C70:0F50       __fmode
 0C70:0F52       __notUmask
 0C70:0F54       __doserrno
 0C70:0F56 idle  __dosErrorToSV
 0C70:0FBA       ___xalloc
 0C70:0FC0 idle  __new_handler
 0C70:0FD2       __ctype
 0C70:113C idle  ___CPPexceptionList
 0C70:1140 idle  ___exceptFlags
 0C70:1142 idle  ___savedDS
 0C70:1144 idle  ___savedSI
 0C70:1146 idle  ___terminatePTR
 0C70:114A idle  ___unexpectdPTR
 0C70:114E idle  ___terminate_DS
 0C70:1150 idle  ___unexpectd_DS
 0C70:1152 idle  ___throwFileName
 0C70:1156 idle  ___throwLineNumber
 0C70:1158 idle  ___throwExceptionName
 0C70:115C idle  ___exceptStaticBuffP
 0C70:1160 idle  ___exceptMemAllocVars
 0C70:1164       __8086
 0C70:1174 idle  __sys_errlist
 0C70:1234       __sys_nerr
 0C70:144A idle  __monthDay
 0C70:1464 idle  __tzname
 0C70:146C       __timezone
 0C70:1470       __daylight
 0C70:1490       __video
 0C70:149F idle  __directvideo
 0C70:14DE idle  __argc
 0C70:14E0 idle  __argv
 0C70:14EE       __environ
 0C70:14F2 idle  string::case_sensitive
 0C70:14F4 idle  string::paranoid_check
 0C70:14F6 idle  string::skip_white
 0C70:14F8 idle  string::initial_capac
 0C70:14FA idle  string::resize_inc
 0C70:14FC idle  string::freeboard
 0C70:1558       __RealCvtVector
 0C70:155A idle  __ScanTodVector
 0C70:15A6 idle  _cs
 0C70:1F6B idle  _wind
 0C70:2288       __atexittbl
 0C70:2316 idle  __DestructorCountPtr
 0C70:231A       ___exceptionNameBuff
 0C70:239A idle  ___ExceptStaticXbuff

Program entry point at 0000:0000

